Archive member included to satisfy reference by file (symbol)

d:/3.tools/arm_gcc_toolchain/bin/../lib/gcc/arm-none-eabi/10.3.1/../../../../arm-none-eabi/lib/thumb/v6-m/nofp\libc_nano.a(lib_a-exit.o)
                              d:/3.tools/arm_gcc_toolchain/bin/../lib/gcc/arm-none-eabi/10.3.1/../../../../arm-none-eabi/lib/thumb/v6-m/nofp/crt0.o (exit)
d:/3.tools/arm_gcc_toolchain/bin/../lib/gcc/arm-none-eabi/10.3.1/../../../../arm-none-eabi/lib/thumb/v6-m/nofp\libc_nano.a(lib_a-impure.o)
                              d:/3.tools/arm_gcc_toolchain/bin/../lib/gcc/arm-none-eabi/10.3.1/../../../../arm-none-eabi/lib/thumb/v6-m/nofp\libc_nano.a(lib_a-exit.o) (_global_impure_ptr)
d:/3.tools/arm_gcc_toolchain/bin/../lib/gcc/arm-none-eabi/10.3.1/../../../../arm-none-eabi/lib/thumb/v6-m/nofp\libc_nano.a(lib_a-init.o)
                              d:/3.tools/arm_gcc_toolchain/bin/../lib/gcc/arm-none-eabi/10.3.1/../../../../arm-none-eabi/lib/thumb/v6-m/nofp/crt0.o (__libc_init_array)
d:/3.tools/arm_gcc_toolchain/bin/../lib/gcc/arm-none-eabi/10.3.1/../../../../arm-none-eabi/lib/thumb/v6-m/nofp\libc_nano.a(lib_a-memset.o)
                              d:/3.tools/arm_gcc_toolchain/bin/../lib/gcc/arm-none-eabi/10.3.1/../../../../arm-none-eabi/lib/thumb/v6-m/nofp/crt0.o (memset)
d:/3.tools/arm_gcc_toolchain/bin/../lib/gcc/arm-none-eabi/10.3.1/../../../../arm-none-eabi/lib/thumb/v6-m/nofp\libc_nano.a(lib_a-strlen.o)
                              build/oled.o (strlen)
d:/3.tools/arm_gcc_toolchain/bin/../lib/gcc/arm-none-eabi/10.3.1/../../../../arm-none-eabi/lib/thumb/v6-m/nofp\libnosys.a(_exit.o)
                              d:/3.tools/arm_gcc_toolchain/bin/../lib/gcc/arm-none-eabi/10.3.1/../../../../arm-none-eabi/lib/thumb/v6-m/nofp\libc_nano.a(lib_a-exit.o) (_exit)
d:/3.tools/arm_gcc_toolchain/bin/../lib/gcc/arm-none-eabi/10.3.1/thumb/v6-m/nofp\libgcc.a(_udivsi3.o)
                              build/stm32f0xx_hal_adc.o (__aeabi_uidiv)
d:/3.tools/arm_gcc_toolchain/bin/../lib/gcc/arm-none-eabi/10.3.1/thumb/v6-m/nofp\libgcc.a(_dvmd_tls.o)
                              d:/3.tools/arm_gcc_toolchain/bin/../lib/gcc/arm-none-eabi/10.3.1/thumb/v6-m/nofp\libgcc.a(_udivsi3.o) (__aeabi_idiv0)

Discarded input sections

 .text          0x00000000        0x0 d:/3.tools/arm_gcc_toolchain/bin/../lib/gcc/arm-none-eabi/10.3.1/thumb/v6-m/nofp/crti.o
 .data          0x00000000        0x0 d:/3.tools/arm_gcc_toolchain/bin/../lib/gcc/arm-none-eabi/10.3.1/thumb/v6-m/nofp/crti.o
 .bss           0x00000000        0x0 d:/3.tools/arm_gcc_toolchain/bin/../lib/gcc/arm-none-eabi/10.3.1/thumb/v6-m/nofp/crti.o
 .data          0x00000000        0x4 d:/3.tools/arm_gcc_toolchain/bin/../lib/gcc/arm-none-eabi/10.3.1/thumb/v6-m/nofp/crtbegin.o
 .rodata        0x00000000       0x24 d:/3.tools/arm_gcc_toolchain/bin/../lib/gcc/arm-none-eabi/10.3.1/thumb/v6-m/nofp/crtbegin.o
 .text          0x00000000       0x80 d:/3.tools/arm_gcc_toolchain/bin/../lib/gcc/arm-none-eabi/10.3.1/../../../../arm-none-eabi/lib/thumb/v6-m/nofp/crt0.o
 .data          0x00000000        0x0 d:/3.tools/arm_gcc_toolchain/bin/../lib/gcc/arm-none-eabi/10.3.1/../../../../arm-none-eabi/lib/thumb/v6-m/nofp/crt0.o
 .bss           0x00000000        0x0 d:/3.tools/arm_gcc_toolchain/bin/../lib/gcc/arm-none-eabi/10.3.1/../../../../arm-none-eabi/lib/thumb/v6-m/nofp/crt0.o
 .ARM.extab     0x00000000        0x0 d:/3.tools/arm_gcc_toolchain/bin/../lib/gcc/arm-none-eabi/10.3.1/../../../../arm-none-eabi/lib/thumb/v6-m/nofp/crt0.o
 .ARM.exidx     0x00000000       0x10 d:/3.tools/arm_gcc_toolchain/bin/../lib/gcc/arm-none-eabi/10.3.1/../../../../arm-none-eabi/lib/thumb/v6-m/nofp/crt0.o
 .ARM.attributes
                0x00000000       0x1b d:/3.tools/arm_gcc_toolchain/bin/../lib/gcc/arm-none-eabi/10.3.1/../../../../arm-none-eabi/lib/thumb/v6-m/nofp/crt0.o
 .text          0x00000000        0x0 build/main.o
 .data          0x00000000        0x0 build/main.o
 .bss           0x00000000        0x0 build/main.o
 .text          0x00000000        0x0 build/stm32f0xx_it.o
 .data          0x00000000        0x0 build/stm32f0xx_it.o
 .bss           0x00000000        0x0 build/stm32f0xx_it.o
 .text          0x00000000        0x0 build/stm32f0xx_hal_msp.o
 .data          0x00000000        0x0 build/stm32f0xx_hal_msp.o
 .bss           0x00000000        0x0 build/stm32f0xx_hal_msp.o
 .text.HAL_ADC_MspDeInit
                0x00000000       0x30 build/stm32f0xx_hal_msp.o
 .text.HAL_I2C_MspDeInit
                0x00000000       0x40 build/stm32f0xx_hal_msp.o
 .text.HAL_TIM_Base_MspDeInit
                0x00000000       0x4c build/stm32f0xx_hal_msp.o
 .text          0x00000000        0x0 build/os.o
 .data          0x00000000        0x0 build/os.o
 .bss           0x00000000        0x0 build/os.o
 .text          0x00000000        0x0 build/oled.o
 .data          0x00000000        0x0 build/oled.o
 .bss           0x00000000        0x0 build/oled.o
 .text.OLED_FindAddress
                0x00000000       0x28 build/oled.o
[...]
Memory Configuration

Name             Origin             Length             Attributes
RAM              0x20000000         0x00004000         xrw
FLASH            0x08000000         0x00020000         xr
*default*        0x00000000         0xffffffff

Linker script and memory map

LOAD d:/3.tools/arm_gcc_toolchain/bin/../lib/gcc/arm-none-eabi/10.3.1/thumb/v6-m/nofp/crti.o
LOAD d:/3.tools/arm_gcc_toolchain/bin/../lib/gcc/arm-none-eabi/10.3.1/thumb/v6-m/nofp/crtbegin.o
LOAD d:/3.tools/arm_gcc_toolchain/bin/../lib/gcc/arm-none-eabi/10.3.1/../../../../arm-none-eabi/lib/thumb/v6-m/nofp/crt0.o
LOAD build/main.o
LOAD build/stm32f0xx_it.o
LOAD build/stm32f0xx_hal_msp.o
LOAD build/os.o
LOAD build/oled.o
LOAD build/oled_fonts.o
LOAD build/keypad.o
LOAD build/stm32f0xx_hal_adc.o
LOAD build/stm32f0xx_hal_adc_ex.o
LOAD build/stm32f0xx_hal_rcc.o
LOAD build/stm32f0xx_hal_rcc_ex.o
LOAD build/stm32f0xx_hal.o
LOAD build/stm32f0xx_hal_i2c.o
LOAD build/stm32f0xx_hal_i2c_ex.o
LOAD build/stm32f0xx_hal_gpio.o
LOAD build/stm32f0xx_hal_dma.o
LOAD build/stm32f0xx_hal_cortex.o
LOAD build/stm32f0xx_hal_pwr.o
LOAD build/stm32f0xx_hal_pwr_ex.o
LOAD build/stm32f0xx_hal_flash.o
LOAD build/stm32f0xx_hal_flash_ex.o
LOAD build/stm32f0xx_hal_exti.o
LOAD build/stm32f0xx_hal_tim.o
LOAD build/stm32f0xx_hal_tim_ex.o
LOAD build/system_stm32f0xx.o
LOAD build/startup_stm32f072xb.o
LOAD d:/3.tools/arm_gcc_toolchain/bin/../lib/gcc/arm-none-eabi/10.3.1/../../../../arm-none-eabi/lib/thumb/v6-m/nofp\libc_nano.a
LOAD d:/3.tools/arm_gcc_toolchain/bin/../lib/gcc/arm-none-eabi/10.3.1/../../../../arm-none-eabi/lib/thumb/v6-m/nofp\libm.a
LOAD d:/3.tools/arm_gcc_toolchain/bin/../lib/gcc/arm-none-eabi/10.3.1/../../../../arm-none-eabi/lib/thumb/v6-m/nofp\libnosys.a
START GROUP
LOAD d:/3.tools/arm_gcc_toolchain/bin/../lib/gcc/arm-none-eabi/10.3.1/thumb/v6-m/nofp\libgcc.a
LOAD d:/3.tools/arm_gcc_toolchain/bin/../lib/gcc/arm-none-eabi/10.3.1/../../../../arm-none-eabi/lib/thumb/v6-m/nofp\libc_nano.a
END GROUP
START GROUP
LOAD d:/3.tools/arm_gcc_toolchain/bin/../lib/gcc/arm-none-eabi/10.3.1/thumb/v6-m/nofp\libgcc.a
LOAD d:/3.tools/arm_gcc_toolchain/bin/../lib/gcc/arm-none-eabi/10.3.1/../../../../arm-none-eabi/lib/thumb/v6-m/nofp\libc_nano.a
END GROUP
LOAD d:/3.tools/arm_gcc_toolchain/bin/../lib/gcc/arm-none-eabi/10.3.1/thumb/v6-m/nofp/crtend.o
LOAD d:/3.tools/arm_gcc_toolchain/bin/../lib/gcc/arm-none-eabi/10.3.1/thumb/v6-m/nofp/crtn.o
                0x20004000                _estack = (ORIGIN (RAM) + LENGTH (RAM))
                0x00000200                _Min_Heap_Size = 0x200
                0x00000400                _Min_Stack_Size = 0x400

.isr_vector     0x08000000       0xc0
                0x08000000                . = ALIGN (0x4)
 *(.isr_vector)
 .isr_vector    0x08000000       0xc0 build/startup_stm32f072xb.o
                0x08000000                VectorTable
                0x080000c0                . = ALIGN (0x4)

.text           0x080000c0     0x2808
                0x080000c0                . = ALIGN (0x4)
 *(.text)
 .text          0x080000c0       0x48 d:/3.tools/arm_gcc_toolchain/bin/../lib/gcc/arm-none-eabi/10.3.1/thumb/v6-m/nofp/crtbegin.o
 .text          0x08000108        0xe d:/3.tools/arm_gcc_toolchain/bin/../lib/gcc/arm-none-eabi/10.3.1/../../../../arm-none-eabi/lib/thumb/v6-m/nofp\libc_nano.a(lib_a-strlen.o)
                0x08000108                strlen
 *fill*         0x08000116        0x2 
 .text          0x08000118      0x114 d:/3.tools/arm_gcc_toolchain/bin/../lib/gcc/arm-none-eabi/10.3.1/thumb/v6-m/nofp\libgcc.a(_udivsi3.o)
                0x08000118                __aeabi_uidiv
                0x08000118                __udivsi3
                0x08000224                __aeabi_uidivmod
 .text          0x0800022c        0x4 d:/3.tools/arm_gcc_toolchain/bin/../lib/gcc/arm-none-eabi/10.3.1/thumb/v6-m/nofp\libgcc.a(_dvmd_tls.o)
                0x0800022c                __aeabi_idiv0
                0x0800022c                __aeabi_ldiv0
 *(.text*)
 .text.MX_GPIO_Init
                0x08000230      0x148 build/main.o
 .text.Error_Handler
                0x08000378        0x4 build/main.o
                0x08000378                Error_Handler
 .text.MX_ADC_Init
                0x0800037c       0x9c build/main.o
 .text.MX_I2C2_Init
                0x08000418       0x58 build/main.o
 .text.MX_TIM14_Init
                0x08000470       0x30 build/main.o
 .text.MX_TIM16_Init
                0x080004a0       0x34 build/main.o
 .text.SystemClock_Config
                0x080004d4       0x56 build/main.o
                0x080004d4                SystemClock_Config
 *fill*         0x0800052a        0x2 
 .text.main     0x0800052c       0x3c build/main.o
                0x0800052c                main
 .text.HAL_TIM_PeriodElapsedCallback
                0x08000568       0x2c build/stm32f0xx_it.o
                0x08000568                HAL_TIM_PeriodElapsedCallback
 .text.HAL_MspInit
                0x08000594       0x30 build/stm32f0xx_hal_msp.o
                0x08000594                HAL_MspInit
 .text.HAL_ADC_MspInit
                0x080005c4       0x60 build/stm32f0xx_hal_msp.o
                0x080005c4                HAL_ADC_MspInit
 .text.HAL_I2C_MspInit
                0x08000624       0x6c build/stm32f0xx_hal_msp.o
                0x08000624                HAL_I2C_MspInit
 .text.HAL_TIM_Base_MspInit
                0x08000690       0x70 build/stm32f0xx_hal_msp.o
                0x08000690                HAL_TIM_Base_MspInit
 .text.Os_1ms_Task
                0x08000700        0x2 build/os.o
 .text.Os_100ms_Task
                0x08000702        0x2 build/os.o
 .text.Os_10ms_Task
                0x08000704       0x10 build/os.o
 .text.Os_Init_Task
                0x08000714        0x8 build/os.o
                0x08000714                Os_Init_Task
 .text.Os_Time_Handler
                0x0800071c       0x10 build/os.o
                0x0800071c                Os_Time_Handler
 .text.Os_Get_Tick_100us
                0x0800072c        0xc build/os.o
                0x0800072c                Os_Get_Tick_100us
 .text.Os_Calc_Runtime_Start
                0x08000738       0x2c build/os.o
 .text.Os_Calc_Runtime_Stop
                0x08000764       0x54 build/os.o
 .text.Os_Calc_Period
                0x080007b8       0x54 build/os.o
 .text.Os_Handler
                0x0800080c       0x48 build/os.o
                0x0800080c                Os_Handler
 .text.Os_Handler_1ms
                0x08000854       0x50 build/os.o
                0x08000854                Os_Handler_1ms
 .text.Os_Handler_10ms
                0x080008a4       0x38 build/os.o
                0x080008a4                Os_Handler_10ms
 .text.Clear_TxBuffer
                0x080008dc       0x20 build/oled.o
 .text.OLED_Set_X_Y
                0x080008fc        0xc build/oled.o
 .text.OLED_DrawPixel
                0x08000908       0x40 build/oled.o
 .text.OLED_Set_Char
                0x08000948       0xa4 build/oled.o
 .text.Print_TxBuffer
                0x080009ec       0x68 build/oled.o
 .text.OLED_Write_Command
                0x08000a54       0x28 build/oled.o
 .text.OLED_Fill_Screen
                0x08000a7c       0x1c build/oled.o
 .text.OLED_Update_Screen
                0x08000a98       0x50 build/oled.o
 .text.OLED_Init
                0x08000ae8       0xf0 build/oled.o
                0x08000ae8                OLED_Init
 .text.OLED_Display
                0x08000bd8       0x38 build/oled.o
                0x08000bd8                OLED_Display
 .text.Key_Scan
                0x08000c10      0x1f0 build/keypad.o
                0x08000c10                Key_Scan
 .text.Key_Input
                0x08000e00      0x1a4 build/keypad.o
                0x08000e00                Key_Input
 .text.HAL_ADC_Init
                0x08000fa4      0x184 build/stm32f0xx_hal_adc.o
                0x08000fa4                HAL_ADC_Init
 .text.HAL_ADC_ConfigChannel
                0x08001128      0x14c build/stm32f0xx_hal_adc.o
                0x08001128                HAL_ADC_ConfigChannel
 .text.HAL_RCC_OscConfig
                0x08001274      0x544 build/stm32f0xx_hal_rcc.o
                0x08001274                HAL_RCC_OscConfig
 .text.HAL_RCC_GetSysClockFreq
                0x080017b8       0x94 build/stm32f0xx_hal_rcc.o
                0x080017b8                HAL_RCC_GetSysClockFreq
 .text.HAL_RCC_ClockConfig
                0x0800184c      0x144 build/stm32f0xx_hal_rcc.o
                0x0800184c                HAL_RCC_ClockConfig
 .text.HAL_InitTick
                0x08001990       0x50 build/stm32f0xx_hal.o
                0x08001990                HAL_InitTick
 .text.HAL_Init
                0x080019e0       0x20 build/stm32f0xx_hal.o
                0x080019e0                HAL_Init
 .text.HAL_IncTick
                0x08001a00       0x18 build/stm32f0xx_hal.o
                0x08001a00                HAL_IncTick
 .text.HAL_GetTick
                0x08001a18        0xc build/stm32f0xx_hal.o
                0x08001a18                HAL_GetTick
 .text.I2C_Flush_TXDR
                0x08001a24       0x1e build/stm32f0xx_hal_i2c.o
 *fill*         0x08001a42        0x2 
 .text.I2C_TransferConfig
                0x08001a44       0x30 build/stm32f0xx_hal_i2c.o
 .text.I2C_IsAcknowledgeFailed
                0x08001a74       0x90 build/stm32f0xx_hal_i2c.o
 .text.I2C_WaitOnTXISFlagUntilTimeout
                0x08001b04       0x52 build/stm32f0xx_hal_i2c.o
 .text.I2C_WaitOnFlagUntilTimeout
                0x08001b56       0x54 build/stm32f0xx_hal_i2c.o
 *fill*         0x08001baa        0x2 
 .text.I2C_RequestMemoryWrite
                0x08001bac       0x78 build/stm32f0xx_hal_i2c.o
 .text.I2C_WaitOnSTOPFlagUntilTimeout
                0x08001c24       0x4e build/stm32f0xx_hal_i2c.o
 *fill*         0x08001c72        0x2 
 .text.HAL_I2C_Init
                0x08001c74       0xcc build/stm32f0xx_hal_i2c.o
                0x08001c74                HAL_I2C_Init
 .text.HAL_I2C_Master_Transmit
                0x08001d40      0x174 build/stm32f0xx_hal_i2c.o
                0x08001d40                HAL_I2C_Master_Transmit
 .text.HAL_I2C_Mem_Write
                0x08001eb4      0x1a0 build/stm32f0xx_hal_i2c.o
                0x08001eb4                HAL_I2C_Mem_Write
 .text.HAL_I2CEx_ConfigAnalogFilter
                0x08002054       0x58 build/stm32f0xx_hal_i2c_ex.o
                0x08002054                HAL_I2CEx_ConfigAnalogFilter
 .text.HAL_I2CEx_ConfigDigitalFilter
                0x080020ac       0x54 build/stm32f0xx_hal_i2c_ex.o
                0x080020ac                HAL_I2CEx_ConfigDigitalFilter
 .text.HAL_GPIO_Init
                0x08002100      0x19c build/stm32f0xx_hal_gpio.o
                0x08002100                HAL_GPIO_Init
 .text.HAL_GPIO_ReadPin
                0x0800229c        0xe build/stm32f0xx_hal_gpio.o
                0x0800229c                HAL_GPIO_ReadPin
 .text.HAL_GPIO_WritePin
                0x080022aa        0xc build/stm32f0xx_hal_gpio.o
                0x080022aa                HAL_GPIO_WritePin
 *fill*         0x080022b6        0x2 
 .text.HAL_NVIC_SetPriority
                0x080022b8       0x60 build/stm32f0xx_hal_cortex.o
                0x080022b8                HAL_NVIC_SetPriority
 .text.HAL_NVIC_EnableIRQ
                0x08002318       0x18 build/stm32f0xx_hal_cortex.o
                0x08002318                HAL_NVIC_EnableIRQ
 .text.HAL_SYSTICK_Config
                0x08002330       0x38 build/stm32f0xx_hal_cortex.o
                0x08002330                HAL_SYSTICK_Config
 .text.HAL_TIM_PeriodElapsedHalfCpltCallback
                0x08002368        0x2 build/stm32f0xx_hal_tim.o
                0x08002368                HAL_TIM_PeriodElapsedHalfCpltCallback
 .text.HAL_TIM_OC_DelayElapsedCallback
                0x0800236a        0x2 build/stm32f0xx_hal_tim.o
                0x0800236a                HAL_TIM_OC_DelayElapsedCallback
 .text.HAL_TIM_IC_CaptureCallback
                0x0800236c        0x2 build/stm32f0xx_hal_tim.o
                0x0800236c                HAL_TIM_IC_CaptureCallback
 .text.HAL_TIM_IC_CaptureHalfCpltCallback
                0x0800236e        0x2 build/stm32f0xx_hal_tim.o
                0x0800236e                HAL_TIM_IC_CaptureHalfCpltCallback
 .text.HAL_TIM_PWM_PulseFinishedCallback
                0x08002370        0x2 build/stm32f0xx_hal_tim.o
                0x08002370                HAL_TIM_PWM_PulseFinishedCallback
 .text.HAL_TIM_PWM_PulseFinishedHalfCpltCallback
                0x08002372        0x2 build/stm32f0xx_hal_tim.o
                0x08002372                HAL_TIM_PWM_PulseFinishedHalfCpltCallback
 .text.HAL_TIM_TriggerCallback
                0x08002374        0x2 build/stm32f0xx_hal_tim.o
                0x08002374                HAL_TIM_TriggerCallback
 .text.HAL_TIM_TriggerHalfCpltCallback
                0x08002376        0x2 build/stm32f0xx_hal_tim.o
                0x08002376                HAL_TIM_TriggerHalfCpltCallback
 .text.HAL_TIM_ErrorCallback
                0x08002378        0x2 build/stm32f0xx_hal_tim.o
                0x08002378                HAL_TIM_ErrorCallback
 *fill*         0x0800237a        0x2 
 .text.HAL_TIM_Base_Start_IT
                0x0800237c       0x6c build/stm32f0xx_hal_tim.o
                0x0800237c                HAL_TIM_Base_Start_IT
 .text.HAL_TIM_IRQHandler
                0x080023e8      0x176 build/stm32f0xx_hal_tim.o
                0x080023e8                HAL_TIM_IRQHandler
 *fill*         0x0800255e        0x2 
 .text.TIM_Base_SetConfig
                0x08002560       0xa4 build/stm32f0xx_hal_tim.o
                0x08002560                TIM_Base_SetConfig
 .text.TIM_ResetCallback
                0x08002604       0x84 build/stm32f0xx_hal_tim.o
                0x08002604                TIM_ResetCallback
 .text.HAL_TIM_Base_Init
                0x08002688       0x70 build/stm32f0xx_hal_tim.o
                0x08002688                HAL_TIM_Base_Init
 .text.HAL_TIMEx_CommutCallback
                0x080026f8        0x2 build/stm32f0xx_hal_tim_ex.o
                0x080026f8                HAL_TIMEx_CommutCallback
 .text.HAL_TIMEx_CommutHalfCpltCallback
                0x080026fa        0x2 build/stm32f0xx_hal_tim_ex.o
                0x080026fa                HAL_TIMEx_CommutHalfCpltCallback
 .text.HAL_TIMEx_BreakCallback
                0x080026fc        0x2 build/stm32f0xx_hal_tim_ex.o
                0x080026fc                HAL_TIMEx_BreakCallback
 .text.SystemInit
                0x080026fe        0x2 build/system_stm32f0xx.o
                0x080026fe                SystemInit
 .text.Reset_Handler
                0x08002700       0x44 build/startup_stm32f072xb.o
                0x08002700                Reset_Handler
 .text.Default_Handler
                0x08002744        0x2 build/startup_stm32f072xb.o
                0x08002744                Default_Handler
 .text.NMI_Handler
                0x08002746        0x6 build/startup_stm32f072xb.o
                0x08002746                NMI_Handler
 .text.HardFault_Handler
                0x0800274c        0x6 build/startup_stm32f072xb.o
                0x0800274c                HardFault_Handler
 .text.SVC_Handler
                0x08002752        0x6 build/startup_stm32f072xb.o
                0x08002752                SVC_Handler
 .text.PendSV_Handler
                0x08002758        0x6 build/startup_stm32f072xb.o
                0x08002758                PendSV_Handler
 .text.WWDG_IRQHandler
                0x0800275e        0x6 build/startup_stm32f072xb.o
                0x0800275e                WWDG_IRQHandler
 .text.PVD_VDDIO2_IRQHandler
                0x08002764        0x6 build/startup_stm32f072xb.o
                0x08002764                PVD_VDDIO2_IRQHandler
 .text.RTC_IRQHandler
                0x0800276a        0x6 build/startup_stm32f072xb.o
                0x0800276a                RTC_IRQHandler
 .text.FLASH_IRQHandler
                0x08002770        0x6 build/startup_stm32f072xb.o
                0x08002770                FLASH_IRQHandler
 .text.RCC_CRS_IRQHandler
                0x08002776        0x6 build/startup_stm32f072xb.o
                0x08002776                RCC_CRS_IRQHandler
 .text.EXTI0_1_IRQHandler
                0x0800277c        0x6 build/startup_stm32f072xb.o
                0x0800277c                EXTI0_1_IRQHandler
 .text.EXTI2_3_IRQHandler
                0x08002782        0x6 build/startup_stm32f072xb.o
                0x08002782                EXTI2_3_IRQHandler
 .text.EXTI4_15_IRQHandler
                0x08002788        0x6 build/startup_stm32f072xb.o
                0x08002788                EXTI4_15_IRQHandler
 .text.TSC_IRQHandler
                0x0800278e        0x6 build/startup_stm32f072xb.o
                0x0800278e                TSC_IRQHandler
 .text.DMA1_Channel1_IRQHandler
                0x08002794        0x6 build/startup_stm32f072xb.o
                0x08002794                DMA1_Channel1_IRQHandler
 .text.DMA1_Channel2_3_IRQHandler
                0x0800279a        0x6 build/startup_stm32f072xb.o
                0x0800279a                DMA1_Channel2_3_IRQHandler
 .text.DMA1_Channel4_5_6_7_IRQHandler
                0x080027a0        0x6 build/startup_stm32f072xb.o
                0x080027a0                DMA1_Channel4_5_6_7_IRQHandler
 .text.ADC1_COMP_IRQHandler
                0x080027a6        0x6 build/startup_stm32f072xb.o
                0x080027a6                ADC1_COMP_IRQHandler
 .text.TIM1_BRK_UP_TRG_COM_IRQHandler
                0x080027ac        0x6 build/startup_stm32f072xb.o
                0x080027ac                TIM1_BRK_UP_TRG_COM_IRQHandler
 .text.TIM1_CC_IRQHandler
                0x080027b2        0x6 build/startup_stm32f072xb.o
                0x080027b2                TIM1_CC_IRQHandler
 .text.TIM2_IRQHandler
                0x080027b8        0x6 build/startup_stm32f072xb.o
                0x080027b8                TIM2_IRQHandler
 .text.TIM3_IRQHandler
                0x080027be        0x6 build/startup_stm32f072xb.o
                0x080027be                TIM3_IRQHandler
 .text.TIM6_DAC_IRQHandler
                0x080027c4        0x6 build/startup_stm32f072xb.o
                0x080027c4                TIM6_DAC_IRQHandler
 .text.TIM7_IRQHandler
                0x080027ca        0x6 build/startup_stm32f072xb.o
                0x080027ca                TIM7_IRQHandler
 .text.TIM15_IRQHandler
                0x080027d0        0x6 build/startup_stm32f072xb.o
                0x080027d0                TIM15_IRQHandler
 .text.TIM17_IRQHandler
                0x080027d6        0x6 build/startup_stm32f072xb.o
                0x080027d6                TIM17_IRQHandler
 .text.I2C1_IRQHandler
                0x080027dc        0x6 build/startup_stm32f072xb.o
                0x080027dc                I2C1_IRQHandler
 .text.I2C2_IRQHandler
                0x080027e2        0x6 build/startup_stm32f072xb.o
                0x080027e2                I2C2_IRQHandler
 .text.SPI1_IRQHandler
                0x080027e8        0x6 build/startup_stm32f072xb.o
                0x080027e8                SPI1_IRQHandler
 .text.SPI2_IRQHandler
                0x080027ee        0x6 build/startup_stm32f072xb.o
                0x080027ee                SPI2_IRQHandler
 .text.USART1_IRQHandler
                0x080027f4        0x6 build/startup_stm32f072xb.o
                0x080027f4                USART1_IRQHandler
 .text.USART2_IRQHandler
                0x080027fa        0x6 build/startup_stm32f072xb.o
                0x080027fa                USART2_IRQHandler
 .text.USART3_4_IRQHandler
                0x08002800        0x6 build/startup_stm32f072xb.o
                0x08002800                USART3_4_IRQHandler
 .text.CEC_CAN_IRQHandler
                0x08002806        0x6 build/startup_stm32f072xb.o
                0x08002806                CEC_CAN_IRQHandler
 .text.USB_IRQHandler
                0x0800280c        0x6 build/startup_stm32f072xb.o
                0x0800280c                USB_IRQHandler
 *fill*         0x08002812        0x2 
 .text.TIM14_Handler
                0x08002814       0x10 build/startup_stm32f072xb.o
                0x08002814                TIM14_Handler
 .text.TIM14_IRQHandler
                0x08002824        0x8 build/startup_stm32f072xb.o
                0x08002824                TIM14_IRQHandler
 .text.TIM16_Handler
                0x0800282c       0x10 build/startup_stm32f072xb.o
                0x0800282c                TIM16_Handler
 .text.TIM16_IRQHandler
                0x0800283c        0x8 build/startup_stm32f072xb.o
                0x0800283c                TIM16_IRQHandler
 .text.SystemTick_Handler
                0x08002844        0xc build/startup_stm32f072xb.o
                0x08002844                SystemTick_Handler
 .text.SysTick_Handler
                0x08002850        0x8 build/startup_stm32f072xb.o
                0x08002850                SysTick_Handler
 .text.__libc_init_array
                0x08002858       0x48 d:/3.tools/arm_gcc_toolchain/bin/../lib/gcc/arm-none-eabi/10.3.1/../../../../arm-none-eabi/lib/thumb/v6-m/nofp\libc_nano.a(lib_a-init.o)
                0x08002858                __libc_init_array
 .text.memset   0x080028a0       0x10 d:/3.tools/arm_gcc_toolchain/bin/../lib/gcc/arm-none-eabi/10.3.1/../../../../arm-none-eabi/lib/thumb/v6-m/nofp\libc_nano.a(lib_a-memset.o)
                0x080028a0                memset
 *(.glue_7)
 .glue_7        0x080028b0        0x0 linker stubs
 *(.glue_7t)
 .glue_7t       0x080028b0        0x0 linker stubs
 *(.eh_frame)
 .eh_frame      0x080028b0        0x0 d:/3.tools/arm_gcc_toolchain/bin/../lib/gcc/arm-none-eabi/10.3.1/thumb/v6-m/nofp/crtbegin.o
 *(.init)
 .init          0x080028b0        0x4 d:/3.tools/arm_gcc_toolchain/bin/../lib/gcc/arm-none-eabi/10.3.1/thumb/v6-m/nofp/crti.o
                0x080028b0                _init
 .init          0x080028b4        0x8 d:/3.tools/arm_gcc_toolchain/bin/../lib/gcc/arm-none-eabi/10.3.1/thumb/v6-m/nofp/crtn.o
 *(.fini)
 .fini          0x080028bc        0x4 d:/3.tools/arm_gcc_toolchain/bin/../lib/gcc/arm-none-eabi/10.3.1/thumb/v6-m/nofp/crti.o
                0x080028bc                _fini
 .fini          0x080028c0        0x8 d:/3.tools/arm_gcc_toolchain/bin/../lib/gcc/arm-none-eabi/10.3.1/thumb/v6-m/nofp/crtn.o
                0x080028c8                . = ALIGN (0x4)
                0x080028c8                _etext = .

.vfp11_veneer   0x080028c8        0x0
 .vfp11_veneer  0x080028c8        0x0 linker stubs

.v4_bx          0x080028c8        0x0
 .v4_bx         0x080028c8        0x0 linker stubs

.iplt           0x080028c8        0x0
 .iplt          0x080028c8        0x0 d:/3.tools/arm_gcc_toolchain/bin/../lib/gcc/arm-none-eabi/10.3.1/thumb/v6-m/nofp/crtbegin.o

.rodata         0x080028c8      0x7c0
                0x080028c8                . = ALIGN (0x4)
 *(.rodata)
 *(.rodata*)
 .rodata.OLED_Init.str1.4
                0x080028c8       0x1b build/oled.o
 *fill*         0x080028e3        0x1 
 .rodata.Font7x10
                0x080028e4      0x76c build/oled_fonts.o
 .rodata.HAL_RCC_GetSysClockFreq.str1.4
                0x08003050       0x25 build/stm32f0xx_hal_rcc.o
 *fill*         0x08003075        0x3 
 .rodata.AHBPrescTable
                0x08003078       0x10 build/system_stm32f0xx.o
                0x08003078                AHBPrescTable
                0x08003088                . = ALIGN (0x4)

.rel.dyn        0x08003088        0x0
 .rel.iplt      0x08003088        0x0 d:/3.tools/arm_gcc_toolchain/bin/../lib/gcc/arm-none-eabi/10.3.1/thumb/v6-m/nofp/crtbegin.o

.ARM.extab
 *(.ARM.extab* .gnu.linkonce.armextab.*)

.ARM            0x08003088        0x0
                0x08003088                __exidx_start = .
 *(.ARM.exidx*)
                0x08003088                __exidx_end = .

.preinit_array  0x08003088        0x0
                0x08003088                PROVIDE (__preinit_array_start = .)
 *(.preinit_array*)
                0x08003088                PROVIDE (__preinit_array_end = .)

.init_array     0x08003088        0x4
                0x08003088                PROVIDE (__init_array_start = .)
 *(SORT_BY_NAME(.init_array.*))
 *(.init_array*)
 .init_array    0x08003088        0x4 d:/3.tools/arm_gcc_toolchain/bin/../lib/gcc/arm-none-eabi/10.3.1/thumb/v6-m/nofp/crtbegin.o
                0x0800308c                PROVIDE (__init_array_end = .)

.fini_array     0x0800308c        0x4
                [!provide]                PROVIDE (__fini_array_start = .)
 *(SORT_BY_NAME(.fini_array.*))
 *(.fini_array*)
 .fini_array    0x0800308c        0x4 d:/3.tools/arm_gcc_toolchain/bin/../lib/gcc/arm-none-eabi/10.3.1/thumb/v6-m/nofp/crtbegin.o
                [!provide]                PROVIDE (__fini_array_end = .)
                0x08003090                _sidata = LOADADDR (.data)

.data           0x20000000       0x14 load address 0x08003090
                0x20000000                . = ALIGN (0x4)
                0x20000000                _sdata = .
 *(.data)
 *(.data*)
 .data.OLED_Font_7x10
                0x20000000        0x8 build/oled_fonts.o
                0x20000000                OLED_Font_7x10
 .data.keypadnum
                0x20000008        0x1 build/keypad.o
                0x20000008                keypadnum
 .data.uwTickFreq
                0x20000009        0x1 build/stm32f0xx_hal.o
                0x20000009                uwTickFreq
 *fill*         0x2000000a        0x2 
 .data.uwTickPrio
                0x2000000c        0x4 build/stm32f0xx_hal.o
                0x2000000c                uwTickPrio
 .data.SystemCoreClock
                0x20000010        0x4 build/system_stm32f0xx.o
                0x20000010                SystemCoreClock
                0x20000014                . = ALIGN (0x4)
                0x20000014                _edata = .

.igot.plt       0x20000014        0x0 load address 0x080030a4
 .igot.plt      0x20000014        0x0 d:/3.tools/arm_gcc_toolchain/bin/../lib/gcc/arm-none-eabi/10.3.1/thumb/v6-m/nofp/crtbegin.o
                0x20000014                . = ALIGN (0x4)

.bss            0x20000014      0x758 load address 0x080030a4
                0x20000014                _sbss = .
                0x20000014                __bss_start__ = _sbss
 *(.bss)
 .bss           0x20000014       0x1c d:/3.tools/arm_gcc_toolchain/bin/../lib/gcc/arm-none-eabi/10.3.1/thumb/v6-m/nofp/crtbegin.o
 *(.bss*)
 .bss.hadc      0x20000030       0x40 build/main.o
                0x20000030                hadc
 .bss.hi2c2     0x20000070       0x4c build/main.o
                0x20000070                hi2c2
 .bss.htim14    0x200000bc       0xb4 build/main.o
                0x200000bc                htim14
 .bss.htim16    0x20000170       0xb4 build/main.o
                0x20000170                htim16
 .bss.Os_Var    0x20000224       0x64 build/os.o
                0x20000224                Os_Var
 .bss.OLED      0x20000288        0x4 build/oled.o
                0x20000288                OLED
 .bss.OLED_Buffer
                0x2000028c      0x400 build/oled.o
 .bss.Tx_data   0x2000068c       0x64 build/oled.o
                0x2000068c                Tx_data
 .bss.Tx_data_Korean
                0x200006f0       0x64 build/oled.o
                0x200006f0                Tx_data_Korean
 .bss.Key_OnOff
                0x20000754        0x1 build/keypad.o
                0x20000754                Key_OnOff
 .bss.Key_stDIP1
                0x20000755        0x1 build/keypad.o
                0x20000755                Key_stDIP1
 .bss.Key_stDIP2
                0x20000756        0x1 build/keypad.o
                0x20000756                Key_stDIP2
 .bss.Key_stDIP3
                0x20000757        0x1 build/keypad.o
                0x20000757                Key_stDIP3
 .bss.column    0x20000758        0x1 build/keypad.o
                0x20000758                column
 *fill*         0x20000759        0x3 
 .bss.debounce_counter
                0x2000075c        0x4 build/keypad.o
                0x2000075c                debounce_counter
 .bss.debounce_counter1
                0x20000760        0x4 build/keypad.o
                0x20000760                debounce_counter1
 .bss.row       0x20000764        0x1 build/keypad.o
                0x20000764                row
 .bss.timer.0   0x20000765        0x1 build/keypad.o
 *fill*         0x20000766        0x2 
 .bss.uwTick    0x20000768        0x4 build/stm32f0xx_hal.o
                0x20000768                uwTick
 *(COMMON)
                0x2000076c                . = ALIGN (0x4)
                0x2000076c                _ebss = .
                0x2000076c                __bss_end__ = _ebss

._user_heap_stack
                0x2000076c      0x604 load address 0x080030a4
                0x20000770                . = ALIGN (0x8)
 *fill*         0x2000076c        0x4 
                [!provide]                PROVIDE (end = .)
                [!provide]                PROVIDE (_end = .)
                0x20000970                . = (. + _Min_Heap_Size)
 *fill*         0x20000770      0x200 
                0x20000d70                . = (. + _Min_Stack_Size)
 *fill*         0x20000970      0x400 
                0x20000d70                . = ALIGN (0x8)

/DISCARD/
 libc.a(*)
 libm.a(*)
 libgcc.a(*)

.ARM.attributes
                0x00000000       0x28
 *(.ARM.attributes)
 .ARM.attributes
                0x00000000       0x1e d:/3.tools/arm_gcc_toolchain/bin/../lib/gcc/arm-none-eabi/10.3.1/thumb/v6-m/nofp/crti.o
 .ARM.attributes
                0x0000001e       0x2c d:/3.tools/arm_gcc_toolchain/bin/../lib/gcc/arm-none-eabi/10.3.1/thumb/v6-m/nofp/crtbegin.o
 .ARM.attributes
                0x0000004a       0x2c build/main.o
 .ARM.attributes
                0x00000076       0x2c build/stm32f0xx_it.o
 .ARM.attributes
                0x000000a2       0x2c build/stm32f0xx_hal_msp.o
 .ARM.attributes
                0x000000ce       0x2c build/os.o
 .ARM.attributes
                0x000000fa       0x2c build/oled.o
 .ARM.attributes
                0x00000126       0x2c build/oled_fonts.o
 .ARM.attributes
                0x00000152       0x2c build/keypad.o
 .ARM.attributes
                0x0000017e       0x2c build/stm32f0xx_hal_adc.o
 .ARM.attributes
                0x000001aa       0x2c build/stm32f0xx_hal_rcc.o
 .ARM.attributes
                0x000001d6       0x2c build/stm32f0xx_hal.o
 .ARM.attributes
                0x00000202       0x2c build/stm32f0xx_hal_i2c.o
 .ARM.attributes
                0x0000022e       0x2c build/stm32f0xx_hal_i2c_ex.o
 .ARM.attributes
                0x0000025a       0x2c build/stm32f0xx_hal_gpio.o
 .ARM.attributes
                0x00000286       0x2c build/stm32f0xx_hal_cortex.o
 .ARM.attributes
                0x000002b2       0x2c build/stm32f0xx_hal_tim.o
 .ARM.attributes
                0x000002de       0x2c build/stm32f0xx_hal_tim_ex.o
 .ARM.attributes
                0x0000030a       0x2c build/system_stm32f0xx.o
 .ARM.attributes
                0x00000336       0x2c build/startup_stm32f072xb.o
 .ARM.attributes
                0x00000362       0x2c d:/3.tools/arm_gcc_toolchain/bin/../lib/gcc/arm-none-eabi/10.3.1/../../../../arm-none-eabi/lib/thumb/v6-m/nofp\libc_nano.a(lib_a-init.o)
 .ARM.attributes
                0x0000038e       0x2c d:/3.tools/arm_gcc_toolchain/bin/../lib/gcc/arm-none-eabi/10.3.1/../../../../arm-none-eabi/lib/thumb/v6-m/nofp\libc_nano.a(lib_a-memset.o)
 .ARM.attributes
                0x000003ba       0x1c d:/3.tools/arm_gcc_toolchain/bin/../lib/gcc/arm-none-eabi/10.3.1/../../../../arm-none-eabi/lib/thumb/v6-m/nofp\libc_nano.a(lib_a-strlen.o)
 .ARM.attributes
                0x000003d6       0x1e d:/3.tools/arm_gcc_toolchain/bin/../lib/gcc/arm-none-eabi/10.3.1/thumb/v6-m/nofp\libgcc.a(_udivsi3.o)
 .ARM.attributes
                0x000003f4       0x1e d:/3.tools/arm_gcc_toolchain/bin/../lib/gcc/arm-none-eabi/10.3.1/thumb/v6-m/nofp\libgcc.a(_dvmd_tls.o)
 .ARM.attributes
                0x00000412       0x1e d:/3.tools/arm_gcc_toolchain/bin/../lib/gcc/arm-none-eabi/10.3.1/thumb/v6-m/nofp/crtn.o
OUTPUT(build/Allprime_Refrigerator_Slave.elf elf32-littlearm)
LOAD linker stubs
LOAD d:/3.tools/arm_gcc_toolchain/bin/../lib/gcc/arm-none-eabi/10.3.1/../../../../arm-none-eabi/lib/thumb/v6-m/nofp\libc.a
LOAD d:/3.tools/arm_gcc_toolchain/bin/../lib/gcc/arm-none-eabi/10.3.1/../../../../arm-none-eabi/lib/thumb/v6-m/nofp\libm.a
LOAD d:/3.tools/arm_gcc_toolchain/bin/../lib/gcc/arm-none-eabi/10.3.1/thumb/v6-m/nofp\libgcc.a

.debug_info     0x00000000    0x14a8d
 .debug_info    0x00000000     0x18b1 build/main.o
 .debug_info    0x000018b1      0x8c5 build/stm32f0xx_it.o
 .debug_info    0x00002176     0x1541 build/stm32f0xx_hal_msp.o
 .debug_info    0x000036b7      0x744 build/os.o
 .debug_info    0x00003dfb      0xf64 build/oled.o
 .debug_info    0x00004d5f      0x309 build/oled_fonts.o
 .debug_info    0x00005068      0x7df build/keypad.o
 .debug_info    0x00005847     0x10ba build/stm32f0xx_hal_adc.o
 .debug_info    0x00006901      0xb7f build/stm32f0xx_hal_rcc.o
 .debug_info    0x00007480      0x823 build/stm32f0xx_hal.o
 .debug_info    0x00007ca3     0x4164 build/stm32f0xx_hal_i2c.o
 .debug_info    0x0000be07      0x97f build/stm32f0xx_hal_i2c_ex.o
 .debug_info    0x0000c786      0x6da build/stm32f0xx_hal_gpio.o
 .debug_info    0x0000ce60      0x8d6 build/stm32f0xx_hal_cortex.o
 .debug_info    0x0000d736     0x4354 build/stm32f0xx_hal_tim.o
 .debug_info    0x00011a8a     0x1d70 build/stm32f0xx_hal_tim_ex.o
 .debug_info    0x000137fa      0x2ce build/system_stm32f0xx.o
 .debug_info    0x00013ac8      0xfc5 build/startup_stm32f072xb.o

.debug_abbrev   0x00000000     0x2638
 .debug_abbrev  0x00000000      0x2aa build/main.o
 .debug_abbrev  0x000002aa      0x174 build/stm32f0xx_it.o
 .debug_abbrev  0x0000041e      0x22d build/stm32f0xx_hal_msp.o
 .debug_abbrev  0x0000064b      0x1b3 build/os.o
 .debug_abbrev  0x000007fe      0x2b0 build/oled.o
 .debug_abbrev  0x00000aae      0x139 build/oled_fonts.o
 .debug_abbrev  0x00000be7      0x15d build/keypad.o
 .debug_abbrev  0x00000d44      0x28d build/stm32f0xx_hal_adc.o
 .debug_abbrev  0x00000fd1      0x280 build/stm32f0xx_hal_rcc.o
 .debug_abbrev  0x00001251      0x218 build/stm32f0xx_hal.o
 .debug_abbrev  0x00001469      0x2a9 build/stm32f0xx_hal_i2c.o
 .debug_abbrev  0x00001712      0x1b5 build/stm32f0xx_hal_i2c_ex.o
 .debug_abbrev  0x000018c7      0x222 build/stm32f0xx_hal_gpio.o
 .debug_abbrev  0x00001ae9      0x2ab build/stm32f0xx_hal_cortex.o
 .debug_abbrev  0x00001d94      0x2c1 build/stm32f0xx_hal_tim.o
 .debug_abbrev  0x00002055      0x298 build/stm32f0xx_hal_tim_ex.o
 .debug_abbrev  0x000022ed      0x134 build/system_stm32f0xx.o
 .debug_abbrev  0x00002421      0x217 build/startup_stm32f072xb.o

.debug_loc      0x00000000    0x11965
 .debug_loc     0x00000000      0x112 build/main.o
 .debug_loc     0x00000112       0x6c build/stm32f0xx_it.o
 .debug_loc     0x0000017e      0x2d4 build/stm32f0xx_hal_msp.o
 .debug_loc     0x00000452      0x356 build/os.o
 .debug_loc     0x000007a8      0x426 build/oled.o
 .debug_loc     0x00000bce       0x9c build/oled_fonts.o
 .debug_loc     0x00000c6a       0x40 build/keypad.o
 .debug_loc     0x00000caa     0x10c9 build/stm32f0xx_hal_adc.o
 .debug_loc     0x00001d73      0x7d8 build/stm32f0xx_hal_rcc.o
 .debug_loc     0x0000254b      0x1e1 build/stm32f0xx_hal.o
 .debug_loc     0x0000272c     0x53e7 build/stm32f0xx_hal_i2c.o
 .debug_loc     0x00007b13      0x2d0 build/stm32f0xx_hal_i2c_ex.o
 .debug_loc     0x00007de3      0x420 build/stm32f0xx_hal_gpio.o
 .debug_loc     0x00008203      0x473 build/stm32f0xx_hal_cortex.o
 .debug_loc     0x00008676     0x650f build/stm32f0xx_hal_tim.o
 .debug_loc     0x0000eb85     0x26a5 build/stm32f0xx_hal_tim_ex.o
 .debug_loc     0x0001122a      0x188 build/system_stm32f0xx.o
 .debug_loc     0x000113b2      0x5b3 build/startup_stm32f072xb.o

.debug_aranges  0x00000000      0xec8
 .debug_aranges
                0x00000000       0x58 build/main.o
 .debug_aranges
                0x00000058       0x20 build/stm32f0xx_it.o
 .debug_aranges
                0x00000078       0x50 build/stm32f0xx_hal_msp.o
 .debug_aranges
                0x000000c8       0x78 build/os.o
 .debug_aranges
                0x00000140       0x70 build/oled.o
 .debug_aranges
                0x000001b0       0x20 build/oled_fonts.o
 .debug_aranges
                0x000001d0       0x28 build/keypad.o
 .debug_aranges
                0x000001f8       0xf8 build/stm32f0xx_hal_adc.o
 .debug_aranges
                0x000002f0       0x80 build/stm32f0xx_hal_rcc.o
 .debug_aranges
                0x00000370       0xd0 build/stm32f0xx_hal.o
 .debug_aranges
                0x00000440      0x290 build/stm32f0xx_hal_i2c.o
 .debug_aranges
                0x000006d0       0x48 build/stm32f0xx_hal_i2c_ex.o
 .debug_aranges
                0x00000718       0x58 build/stm32f0xx_hal_gpio.o
 .debug_aranges
                0x00000770       0x78 build/stm32f0xx_hal_cortex.o
 .debug_aranges
                0x000007e8      0x3e8 build/stm32f0xx_hal_tim.o
 .debug_aranges
                0x00000bd0      0x168 build/stm32f0xx_hal_tim_ex.o
 .debug_aranges
                0x00000d38       0x28 build/system_stm32f0xx.o
 .debug_aranges
                0x00000d60      0x168 build/startup_stm32f072xb.o

.debug_ranges   0x00000000      0xe68
 .debug_ranges  0x00000000       0x48 build/main.o
 .debug_ranges  0x00000048       0x10 build/stm32f0xx_it.o
 .debug_ranges  0x00000058       0x40 build/stm32f0xx_hal_msp.o
 .debug_ranges  0x00000098       0x68 build/os.o
 .debug_ranges  0x00000100       0xa8 build/oled.o
 .debug_ranges  0x000001a8       0x10 build/oled_fonts.o
 .debug_ranges  0x000001b8       0x18 build/keypad.o
 .debug_ranges  0x000001d0       0xe8 build/stm32f0xx_hal_adc.o
 .debug_ranges  0x000002b8       0x88 build/stm32f0xx_hal_rcc.o
 .debug_ranges  0x00000340       0xc0 build/stm32f0xx_hal.o
 .debug_ranges  0x00000400      0x280 build/stm32f0xx_hal_i2c.o
 .debug_ranges  0x00000680       0x38 build/stm32f0xx_hal_i2c_ex.o
 .debug_ranges  0x000006b8       0x48 build/stm32f0xx_hal_gpio.o
 .debug_ranges  0x00000700       0xc8 build/stm32f0xx_hal_cortex.o
 .debug_ranges  0x000007c8      0x3d8 build/stm32f0xx_hal_tim.o
 .debug_ranges  0x00000ba0      0x158 build/stm32f0xx_hal_tim_ex.o
 .debug_ranges  0x00000cf8       0x18 build/system_stm32f0xx.o
 .debug_ranges  0x00000d10      0x158 build/startup_stm32f072xb.o

.debug_line     0x00000000    0x10724
 .debug_line    0x00000000      0x692 build/main.o
 .debug_line    0x00000692      0x1b6 build/stm32f0xx_it.o
 .debug_line    0x00000848      0x3c0 build/stm32f0xx_hal_msp.o
 .debug_line    0x00000c08      0x345 build/os.o
 .debug_line    0x00000f4d      0x5b8 build/oled.o
 .debug_line    0x00001505       0xcb build/oled_fonts.o
 .debug_line    0x000015d0      0x3fe build/keypad.o
 .debug_line    0x000019ce      0xfd1 build/stm32f0xx_hal_adc.o
 .debug_line    0x0000299f      0xc14 build/stm32f0xx_hal_rcc.o
 .debug_line    0x000035b3      0x4c8 build/stm32f0xx_hal.o
 .debug_line    0x00003a7b     0x48e3 build/stm32f0xx_hal_i2c.o
 .debug_line    0x0000835e      0x493 build/stm32f0xx_hal_i2c_ex.o
 .debug_line    0x000087f1      0x62a build/stm32f0xx_hal_gpio.o
 .debug_line    0x00008e1b      0x4d4 build/stm32f0xx_hal_cortex.o
 .debug_line    0x000092ef     0x510a build/stm32f0xx_hal_tim.o
 .debug_line    0x0000e3f9     0x1ba1 build/stm32f0xx_hal_tim_ex.o
 .debug_line    0x0000ff9a      0x202 build/system_stm32f0xx.o
 .debug_line    0x0001019c      0x588 build/startup_stm32f072xb.o

.debug_str      0x00000000     0x4861
 .debug_str     0x00000000      0xef2 build/main.o
                               0x1105 (size before relaxing)
 .debug_str     0x00000ef2       0x5b build/stm32f0xx_it.o
                                0x8f8 (size before relaxing)
 .debug_str     0x00000f4d      0x2d7 build/stm32f0xx_hal_msp.o
                               0x10e4 (size before relaxing)
 .debug_str     0x00001224      0x3db build/os.o
                                0x51a (size before relaxing)
 .debug_str     0x000015ff      0x1c1 build/oled.o
                                0x833 (size before relaxing)
 .debug_str     0x000017c0       0xbb build/oled_fonts.o
                                0x26e (size before relaxing)
 .debug_str     0x0000187b       0xb0 build/keypad.o
                                0x2ab (size before relaxing)
 .debug_str     0x0000192b      0x320 build/stm32f0xx_hal_adc.o
                                0x8d3 (size before relaxing)
 .debug_str     0x00001c4b      0x22b build/stm32f0xx_hal_rcc.o
                                0x651 (size before relaxing)
 .debug_str     0x00001e76      0x267 build/stm32f0xx_hal.o
                                0x6ed (size before relaxing)
 .debug_str     0x000020dd      0x83b build/stm32f0xx_hal_i2c.o
                                0xf60 (size before relaxing)
 .debug_str     0x00002918       0xcb build/stm32f0xx_hal_i2c_ex.o
                                0x7c6 (size before relaxing)
 .debug_str     0x000029e3       0xe6 build/stm32f0xx_hal_gpio.o
                                0x3e5 (size before relaxing)
 .debug_str     0x00002ac9      0x243 build/stm32f0xx_hal_cortex.o
                                0x638 (size before relaxing)
 .debug_str     0x00002d0c     0x11dc build/stm32f0xx_hal_tim.o
                               0x1c09 (size before relaxing)
 .debug_str     0x00003ee8      0x5c2 build/stm32f0xx_hal_tim_ex.o
                               0x1081 (size before relaxing)
 .debug_str     0x000044aa       0x5c build/system_stm32f0xx.o
                                0x262 (size before relaxing)
 .debug_str     0x00004506      0x35b build/startup_stm32f072xb.o
                                0xc49 (size before relaxing)

.comment        0x00000000       0x49
 .comment       0x00000000       0x49 build/main.o
                                 0x4a (size before relaxing)
 .comment       0x00000049       0x4a build/stm32f0xx_it.o
 .comment       0x00000049       0x4a build/stm32f0xx_hal_msp.o
 .comment       0x00000049       0x4a build/os.o
 .comment       0x00000049       0x4a build/oled.o
 .comment       0x00000049       0x4a build/oled_fonts.o
 .comment       0x00000049       0x4a build/keypad.o
 .comment       0x00000049       0x4a build/stm32f0xx_hal_adc.o
 .comment       0x00000049       0x4a build/stm32f0xx_hal_rcc.o
 .comment       0x00000049       0x4a build/stm32f0xx_hal.o
 .comment       0x00000049       0x4a build/stm32f0xx_hal_i2c.o
 .comment       0x00000049       0x4a build/stm32f0xx_hal_i2c_ex.o
 .comment       0x00000049       0x4a build/stm32f0xx_hal_gpio.o
 .comment       0x00000049       0x4a build/stm32f0xx_hal_cortex.o
 .comment       0x00000049       0x4a build/stm32f0xx_hal_tim.o
 .comment       0x00000049       0x4a build/stm32f0xx_hal_tim_ex.o
 .comment       0x00000049       0x4a build/system_stm32f0xx.o
 .comment       0x00000049       0x4a build/startup_stm32f072xb.o

.debug_frame    0x00000000     0x2880
 .debug_frame   0x00000000       0xdc build/main.o
 .debug_frame   0x000000dc       0x28 build/stm32f0xx_it.o
 .debug_frame   0x00000104       0xbc build/stm32f0xx_hal_msp.o
 .debug_frame   0x000001c0      0x110 build/os.o
 .debug_frame   0x000002d0      0x120 build/oled.o
 .debug_frame   0x000003f0       0x2c build/oled_fonts.o
 .debug_frame   0x0000041c       0x48 build/keypad.o
 .debug_frame   0x00000464      0x2a0 build/stm32f0xx_hal_adc.o
 .debug_frame   0x00000704      0x13c build/stm32f0xx_hal_rcc.o
 .debug_frame   0x00000840      0x1ac build/stm32f0xx_hal.o
 .debug_frame   0x000009ec      0x860 build/stm32f0xx_hal_i2c.o
 .debug_frame   0x0000124c       0xb0 build/stm32f0xx_hal_i2c_ex.o
 .debug_frame   0x000012fc       0xc0 build/stm32f0xx_hal_gpio.o
 .debug_frame   0x000013bc       0xe4 build/stm32f0xx_hal_cortex.o
 .debug_frame   0x000014a0      0xb24 build/stm32f0xx_hal_tim.o
 .debug_frame   0x00001fc4      0x420 build/stm32f0xx_hal_tim_ex.o
 .debug_frame   0x000023e4       0x38 build/system_stm32f0xx.o
 .debug_frame   0x0000241c      0x3f8 build/startup_stm32f072xb.o
 .debug_frame   0x00002814       0x2c d:/3.tools/arm_gcc_toolchain/bin/../lib/gcc/arm-none-eabi/10.3.1/../../../../arm-none-eabi/lib/thumb/v6-m/nofp\libc_nano.a(lib_a-init.o)
 .debug_frame   0x00002840       0x20 d:/3.tools/arm_gcc_toolchain/bin/../lib/gcc/arm-none-eabi/10.3.1/../../../../arm-none-eabi/lib/thumb/v6-m/nofp\libc_nano.a(lib_a-memset.o)
 .debug_frame   0x00002860       0x20 d:/3.tools/arm_gcc_toolchain/bin/../lib/gcc/arm-none-eabi/10.3.1/thumb/v6-m/nofp\libgcc.a(_udivsi3.o)

Cross Reference Table

Symbol                                            File
ADC1_COMP_IRQHandler                              build/startup_stm32f072xb.o
AHBPrescTable                                     build/system_stm32f0xx.o
                                                  build/stm32f0xx_hal_rcc.o
APBPrescTable                                     build/system_stm32f0xx.o
                                                  build/stm32f0xx_hal_rcc.o
CEC_CAN_IRQHandler                                build/startup_stm32f072xb.o
DMA1_Channel1_IRQHandler                          build/startup_stm32f072xb.o
DMA1_Channel2_3_IRQHandler                        build/startup_stm32f072xb.o
DMA1_Channel4_5_6_7_IRQHandler                    build/startup_stm32f072xb.o
Default_Handler                                   build/startup_stm32f072xb.o
EXTI0_1_IRQHandler                                build/startup_stm32f072xb.o
EXTI2_3_IRQHandler                                build/startup_stm32f072xb.o
EXTI4_15_IRQHandler                               build/startup_stm32f072xb.o
Error_Handler                                     build/main.o
FLASH_IRQHandler                                  build/startup_stm32f072xb.o
FLASH_PageErase                                   build/stm32f0xx_hal_flash_ex.o
                                                  build/stm32f0xx_hal_flash.o
FLASH_WaitForLastOperation                        build/stm32f0xx_hal_flash.o
                                                  build/stm32f0xx_hal_flash_ex.o
HAL_ADCEx_Calibration_Start                       build/stm32f0xx_hal_adc_ex.o
HAL_ADC_AnalogWDGConfig                           build/stm32f0xx_hal_adc.o
HAL_ADC_ConfigChannel                             build/stm32f0xx_hal_adc.o
                                                  build/main.o
HAL_ADC_ConvCpltCallback                          build/stm32f0xx_hal_adc.o
HAL_ADC_ConvHalfCpltCallback                      build/stm32f0xx_hal_adc.o
HAL_ADC_DeInit                                    build/stm32f0xx_hal_adc.o
HAL_ADC_ErrorCallback                             build/stm32f0xx_hal_adc.o
HAL_ADC_GetError                                  build/stm32f0xx_hal_adc.o
HAL_ADC_GetState                                  build/stm32f0xx_hal_adc.o
HAL_ADC_GetValue                                  build/stm32f0xx_hal_adc.o
HAL_ADC_IRQHandler                                build/stm32f0xx_hal_adc.o
HAL_ADC_Init                                      build/stm32f0xx_hal_adc.o
                                                  build/main.o
HAL_ADC_LevelOutOfWindowCallback                  build/stm32f0xx_hal_adc.o
HAL_ADC_MspDeInit                                 build/stm32f0xx_hal_msp.o
HAL_ADC_MspInit                                   build/stm32f0xx_hal_msp.o
HAL_ADC_PollForConversion                         build/stm32f0xx_hal_adc.o
HAL_ADC_PollForEvent                              build/stm32f0xx_hal_adc.o
HAL_ADC_Start                                     build/stm32f0xx_hal_adc.o
HAL_ADC_Start_DMA                                 build/stm32f0xx_hal_adc.o
HAL_ADC_Start_IT                                  build/stm32f0xx_hal_adc.o
HAL_ADC_Stop                                      build/stm32f0xx_hal_adc.o
HAL_ADC_Stop_DMA                                  build/stm32f0xx_hal_adc.o
HAL_ADC_Stop_IT                                   build/stm32f0xx_hal_adc.o
HAL_DBGMCU_DisableDBGStandbyMode                  build/stm32f0xx_hal.o
HAL_DBGMCU_DisableDBGStopMode                     build/stm32f0xx_hal.o
HAL_DBGMCU_EnableDBGStandbyMode                   build/stm32f0xx_hal.o
HAL_DBGMCU_EnableDBGStopMode                      build/stm32f0xx_hal.o
HAL_DMA_Abort                                     build/stm32f0xx_hal_dma.o
                                                  build/stm32f0xx_hal_adc.o
HAL_DMA_Abort_IT                                  build/stm32f0xx_hal_dma.o
                                                  build/stm32f0xx_hal_tim_ex.o
                                                  build/stm32f0xx_hal_tim.o
                                                  build/stm32f0xx_hal_i2c.o
HAL_DMA_DeInit                                    build/stm32f0xx_hal_dma.o
HAL_DMA_GetError                                  build/stm32f0xx_hal_dma.o
HAL_DMA_GetState                                  build/stm32f0xx_hal_dma.o
                                                  build/stm32f0xx_hal_i2c.o
HAL_DMA_IRQHandler                                build/stm32f0xx_hal_dma.o
HAL_DMA_Init                                      build/stm32f0xx_hal_dma.o
HAL_DMA_PollForTransfer                           build/stm32f0xx_hal_dma.o
HAL_DMA_RegisterCallback                          build/stm32f0xx_hal_dma.o
HAL_DMA_Start                                     build/stm32f0xx_hal_dma.o
HAL_DMA_Start_IT                                  build/stm32f0xx_hal_dma.o
                                                  build/stm32f0xx_hal_tim_ex.o
                                                  build/stm32f0xx_hal_tim.o
                                                  build/stm32f0xx_hal_i2c.o
                                                  build/stm32f0xx_hal_adc.o
HAL_DMA_UnRegisterCallback                        build/stm32f0xx_hal_dma.o
HAL_DeInit                                        build/stm32f0xx_hal.o
HAL_Delay                                         build/stm32f0xx_hal.o
HAL_EXTI_ClearConfigLine                          build/stm32f0xx_hal_exti.o
HAL_EXTI_ClearPending                             build/stm32f0xx_hal_exti.o
HAL_EXTI_GenerateSWI                              build/stm32f0xx_hal_exti.o
HAL_EXTI_GetConfigLine                            build/stm32f0xx_hal_exti.o
HAL_EXTI_GetHandle                                build/stm32f0xx_hal_exti.o
HAL_EXTI_GetPending                               build/stm32f0xx_hal_exti.o
HAL_EXTI_IRQHandler                               build/stm32f0xx_hal_exti.o
HAL_EXTI_RegisterCallback                         build/stm32f0xx_hal_exti.o
HAL_EXTI_SetConfigLine                            build/stm32f0xx_hal_exti.o
HAL_FLASHEx_Erase                                 build/stm32f0xx_hal_flash_ex.o
HAL_FLASHEx_Erase_IT                              build/stm32f0xx_hal_flash_ex.o
HAL_FLASHEx_OBErase                               build/stm32f0xx_hal_flash_ex.o
HAL_FLASHEx_OBGetConfig                           build/stm32f0xx_hal_flash_ex.o
HAL_FLASHEx_OBGetUserData                         build/stm32f0xx_hal_flash_ex.o
HAL_FLASHEx_OBProgram                             build/stm32f0xx_hal_flash_ex.o
HAL_FLASH_EndOfOperationCallback                  build/stm32f0xx_hal_flash.o
HAL_FLASH_GetError                                build/stm32f0xx_hal_flash.o
HAL_FLASH_IRQHandler                              build/stm32f0xx_hal_flash.o
HAL_FLASH_Lock                                    build/stm32f0xx_hal_flash.o
HAL_FLASH_OB_Launch                               build/stm32f0xx_hal_flash.o
HAL_FLASH_OB_Lock                                 build/stm32f0xx_hal_flash.o
HAL_FLASH_OB_Unlock                               build/stm32f0xx_hal_flash.o
HAL_FLASH_OperationErrorCallback                  build/stm32f0xx_hal_flash.o
HAL_FLASH_Program                                 build/stm32f0xx_hal_flash.o
HAL_FLASH_Program_IT                              build/stm32f0xx_hal_flash.o
HAL_FLASH_Unlock                                  build/stm32f0xx_hal_flash.o
HAL_GPIO_DeInit                                   build/stm32f0xx_hal_gpio.o
                                                  build/stm32f0xx_hal_msp.o
HAL_GPIO_EXTI_Callback                            build/stm32f0xx_hal_gpio.o
HAL_GPIO_EXTI_IRQHandler                          build/stm32f0xx_hal_gpio.o
HAL_GPIO_Init                                     build/stm32f0xx_hal_gpio.o
                                                  build/stm32f0xx_hal_rcc.o
                                                  build/stm32f0xx_hal_msp.o
                                                  build/main.o
HAL_GPIO_LockPin                                  build/stm32f0xx_hal_gpio.o
HAL_GPIO_ReadPin                                  build/stm32f0xx_hal_gpio.o
                                                  build/keypad.o
HAL_GPIO_TogglePin                                build/stm32f0xx_hal_gpio.o
HAL_GPIO_WritePin                                 build/stm32f0xx_hal_gpio.o
                                                  build/keypad.o
                                                  build/main.o
HAL_GetDEVID                                      build/stm32f0xx_hal.o
HAL_GetHalVersion                                 build/stm32f0xx_hal.o
HAL_GetREVID                                      build/stm32f0xx_hal.o
HAL_GetTick                                       build/stm32f0xx_hal.o
                                                  build/stm32f0xx_hal_flash.o
                                                  build/stm32f0xx_hal_dma.o
                                                  build/stm32f0xx_hal_i2c.o
                                                  build/stm32f0xx_hal_rcc_ex.o
                                                  build/stm32f0xx_hal_rcc.o
                                                  build/stm32f0xx_hal_adc_ex.o
                                                  build/stm32f0xx_hal_adc.o
HAL_GetTickFreq                                   build/stm32f0xx_hal.o
HAL_GetTickPrio                                   build/stm32f0xx_hal.o
HAL_GetUIDw0                                      build/stm32f0xx_hal.o
HAL_GetUIDw1                                      build/stm32f0xx_hal.o
HAL_GetUIDw2                                      build/stm32f0xx_hal.o
HAL_I2CEx_ConfigAnalogFilter                      build/stm32f0xx_hal_i2c_ex.o
                                                  build/main.o
HAL_I2CEx_ConfigDigitalFilter                     build/stm32f0xx_hal_i2c_ex.o
                                                  build/main.o
HAL_I2CEx_DisableFastModePlus                     build/stm32f0xx_hal_i2c_ex.o
HAL_I2CEx_DisableWakeUp                           build/stm32f0xx_hal_i2c_ex.o
HAL_I2CEx_EnableFastModePlus                      build/stm32f0xx_hal_i2c_ex.o
HAL_I2CEx_EnableWakeUp                            build/stm32f0xx_hal_i2c_ex.o
HAL_I2C_AbortCpltCallback                         build/stm32f0xx_hal_i2c.o
HAL_I2C_AddrCallback                              build/stm32f0xx_hal_i2c.o
HAL_I2C_DeInit                                    build/stm32f0xx_hal_i2c.o
HAL_I2C_DisableListen_IT                          build/stm32f0xx_hal_i2c.o
HAL_I2C_ER_IRQHandler                             build/stm32f0xx_hal_i2c.o
HAL_I2C_EV_IRQHandler                             build/stm32f0xx_hal_i2c.o
HAL_I2C_EnableListen_IT                           build/stm32f0xx_hal_i2c.o
HAL_I2C_ErrorCallback                             build/stm32f0xx_hal_i2c.o
HAL_I2C_GetError                                  build/stm32f0xx_hal_i2c.o
HAL_I2C_GetMode                                   build/stm32f0xx_hal_i2c.o
HAL_I2C_GetState                                  build/stm32f0xx_hal_i2c.o
HAL_I2C_Init                                      build/stm32f0xx_hal_i2c.o
                                                  build/main.o
HAL_I2C_IsDeviceReady                             build/stm32f0xx_hal_i2c.o
                                                  build/oled.o
HAL_I2C_ListenCpltCallback                        build/stm32f0xx_hal_i2c.o
HAL_I2C_MasterRxCpltCallback                      build/stm32f0xx_hal_i2c.o
HAL_I2C_MasterTxCpltCallback                      build/stm32f0xx_hal_i2c.o
HAL_I2C_Master_Abort_IT                           build/stm32f0xx_hal_i2c.o
HAL_I2C_Master_Receive                            build/stm32f0xx_hal_i2c.o
HAL_I2C_Master_Receive_DMA                        build/stm32f0xx_hal_i2c.o
HAL_I2C_Master_Receive_IT                         build/stm32f0xx_hal_i2c.o
HAL_I2C_Master_Seq_Receive_DMA                    build/stm32f0xx_hal_i2c.o
HAL_I2C_Master_Seq_Receive_IT                     build/stm32f0xx_hal_i2c.o
HAL_I2C_Master_Seq_Transmit_DMA                   build/stm32f0xx_hal_i2c.o
HAL_I2C_Master_Seq_Transmit_IT                    build/stm32f0xx_hal_i2c.o
HAL_I2C_Master_Transmit                           build/stm32f0xx_hal_i2c.o
                                                  build/oled.o
HAL_I2C_Master_Transmit_DMA                       build/stm32f0xx_hal_i2c.o
HAL_I2C_Master_Transmit_IT                        build/stm32f0xx_hal_i2c.o
HAL_I2C_MemRxCpltCallback                         build/stm32f0xx_hal_i2c.o
HAL_I2C_MemTxCpltCallback                         build/stm32f0xx_hal_i2c.o
HAL_I2C_Mem_Read                                  build/stm32f0xx_hal_i2c.o
HAL_I2C_Mem_Read_DMA                              build/stm32f0xx_hal_i2c.o
HAL_I2C_Mem_Read_IT                               build/stm32f0xx_hal_i2c.o
HAL_I2C_Mem_Write                                 build/stm32f0xx_hal_i2c.o
                                                  build/oled.o
HAL_I2C_Mem_Write_DMA                             build/stm32f0xx_hal_i2c.o
HAL_I2C_Mem_Write_IT                              build/stm32f0xx_hal_i2c.o
HAL_I2C_MspDeInit                                 build/stm32f0xx_hal_msp.o
HAL_I2C_MspInit                                   build/stm32f0xx_hal_msp.o
HAL_I2C_SlaveRxCpltCallback                       build/stm32f0xx_hal_i2c.o
HAL_I2C_SlaveTxCpltCallback                       build/stm32f0xx_hal_i2c.o
HAL_I2C_Slave_Receive                             build/stm32f0xx_hal_i2c.o
HAL_I2C_Slave_Receive_DMA                         build/stm32f0xx_hal_i2c.o
HAL_I2C_Slave_Receive_IT                          build/stm32f0xx_hal_i2c.o
HAL_I2C_Slave_Seq_Receive_DMA                     build/stm32f0xx_hal_i2c.o
HAL_I2C_Slave_Seq_Receive_IT                      build/stm32f0xx_hal_i2c.o
HAL_I2C_Slave_Seq_Transmit_DMA                    build/stm32f0xx_hal_i2c.o
HAL_I2C_Slave_Seq_Transmit_IT                     build/stm32f0xx_hal_i2c.o
HAL_I2C_Slave_Transmit                            build/stm32f0xx_hal_i2c.o
HAL_I2C_Slave_Transmit_DMA                        build/stm32f0xx_hal_i2c.o
HAL_I2C_Slave_Transmit_IT                         build/stm32f0xx_hal_i2c.o
HAL_IncTick                                       build/stm32f0xx_hal.o
                                                  build/startup_stm32f072xb.o
HAL_Init                                          build/stm32f0xx_hal.o
                                                  build/main.o
HAL_InitTick                                      build/stm32f0xx_hal.o
                                                  build/stm32f0xx_hal_rcc.o
HAL_MspDeInit                                     build/stm32f0xx_hal.o
HAL_MspInit                                       build/stm32f0xx_hal_msp.o
HAL_NVIC_ClearPendingIRQ                          build/stm32f0xx_hal_cortex.o
HAL_NVIC_DisableIRQ                               build/stm32f0xx_hal_cortex.o
                                                  build/stm32f0xx_hal_msp.o
HAL_NVIC_EnableIRQ                                build/stm32f0xx_hal_cortex.o
                                                  build/stm32f0xx_hal_msp.o
HAL_NVIC_GetPendingIRQ                            build/stm32f0xx_hal_cortex.o
HAL_NVIC_GetPriority                              build/stm32f0xx_hal_cortex.o
HAL_NVIC_SetPendingIRQ                            build/stm32f0xx_hal_cortex.o
HAL_NVIC_SetPriority                              build/stm32f0xx_hal_cortex.o
                                                  build/stm32f0xx_hal.o
                                                  build/stm32f0xx_hal_msp.o
HAL_NVIC_SystemReset                              build/stm32f0xx_hal_cortex.o
HAL_PWREx_DisableVddio2Monitor                    build/stm32f0xx_hal_pwr_ex.o
HAL_PWREx_EnableVddio2Monitor                     build/stm32f0xx_hal_pwr_ex.o
HAL_PWREx_Vddio2MonitorCallback                   build/stm32f0xx_hal_pwr_ex.o
HAL_PWREx_Vddio2Monitor_IRQHandler                build/stm32f0xx_hal_pwr_ex.o
HAL_PWR_ConfigPVD                                 build/stm32f0xx_hal_pwr_ex.o
HAL_PWR_DeInit                                    build/stm32f0xx_hal_pwr.o
HAL_PWR_DisableBkUpAccess                         build/stm32f0xx_hal_pwr.o
HAL_PWR_DisablePVD                                build/stm32f0xx_hal_pwr_ex.o
HAL_PWR_DisableSEVOnPend                          build/stm32f0xx_hal_pwr.o
HAL_PWR_DisableSleepOnExit                        build/stm32f0xx_hal_pwr.o
HAL_PWR_DisableWakeUpPin                          build/stm32f0xx_hal_pwr.o
HAL_PWR_EnableBkUpAccess                          build/stm32f0xx_hal_pwr.o
HAL_PWR_EnablePVD                                 build/stm32f0xx_hal_pwr_ex.o
HAL_PWR_EnableSEVOnPend                           build/stm32f0xx_hal_pwr.o
HAL_PWR_EnableSleepOnExit                         build/stm32f0xx_hal_pwr.o
HAL_PWR_EnableWakeUpPin                           build/stm32f0xx_hal_pwr.o
HAL_PWR_EnterSLEEPMode                            build/stm32f0xx_hal_pwr.o
HAL_PWR_EnterSTANDBYMode                          build/stm32f0xx_hal_pwr.o
HAL_PWR_EnterSTOPMode                             build/stm32f0xx_hal_pwr.o
HAL_PWR_PVDCallback                               build/stm32f0xx_hal_pwr_ex.o
HAL_PWR_PVD_IRQHandler                            build/stm32f0xx_hal_pwr_ex.o
HAL_RCCEx_CRSConfig                               build/stm32f0xx_hal_rcc_ex.o
HAL_RCCEx_CRSGetSynchronizationInfo               build/stm32f0xx_hal_rcc_ex.o
HAL_RCCEx_CRSSoftwareSynchronizationGenerate      build/stm32f0xx_hal_rcc_ex.o
HAL_RCCEx_CRSWaitSynchronization                  build/stm32f0xx_hal_rcc_ex.o
HAL_RCCEx_CRS_ErrorCallback                       build/stm32f0xx_hal_rcc_ex.o
HAL_RCCEx_CRS_ExpectedSyncCallback                build/stm32f0xx_hal_rcc_ex.o
HAL_RCCEx_CRS_IRQHandler                          build/stm32f0xx_hal_rcc_ex.o
HAL_RCCEx_CRS_SyncOkCallback                      build/stm32f0xx_hal_rcc_ex.o
HAL_RCCEx_CRS_SyncWarnCallback                    build/stm32f0xx_hal_rcc_ex.o
HAL_RCCEx_GetPeriphCLKConfig                      build/stm32f0xx_hal_rcc_ex.o
HAL_RCCEx_GetPeriphCLKFreq                        build/stm32f0xx_hal_rcc_ex.o
HAL_RCCEx_PeriphCLKConfig                         build/stm32f0xx_hal_rcc_ex.o
HAL_RCC_CSSCallback                               build/stm32f0xx_hal_rcc.o
HAL_RCC_ClockConfig                               build/stm32f0xx_hal_rcc.o
                                                  build/main.o
HAL_RCC_DeInit                                    build/stm32f0xx_hal_rcc.o
HAL_RCC_DisableCSS                                build/stm32f0xx_hal_rcc.o
HAL_RCC_EnableCSS                                 build/stm32f0xx_hal_rcc.o
HAL_RCC_GetClockConfig                            build/stm32f0xx_hal_rcc.o
HAL_RCC_GetHCLKFreq                               build/stm32f0xx_hal_rcc.o
HAL_RCC_GetOscConfig                              build/stm32f0xx_hal_rcc.o
HAL_RCC_GetPCLK1Freq                              build/stm32f0xx_hal_rcc.o
                                                  build/stm32f0xx_hal_rcc_ex.o
HAL_RCC_GetSysClockFreq                           build/stm32f0xx_hal_rcc.o
                                                  build/stm32f0xx_hal_rcc_ex.o
HAL_RCC_MCOConfig                                 build/stm32f0xx_hal_rcc.o
HAL_RCC_NMI_IRQHandler                            build/stm32f0xx_hal_rcc.o
HAL_RCC_OscConfig                                 build/stm32f0xx_hal_rcc.o
                                                  build/main.o
HAL_ResumeTick                                    build/stm32f0xx_hal.o
HAL_SYSTICK_CLKSourceConfig                       build/stm32f0xx_hal_cortex.o
HAL_SYSTICK_Callback                              build/stm32f0xx_hal_cortex.o
HAL_SYSTICK_Config                                build/stm32f0xx_hal_cortex.o
                                                  build/stm32f0xx_hal.o
HAL_SYSTICK_IRQHandler                            build/stm32f0xx_hal_cortex.o
HAL_SetTickFreq                                   build/stm32f0xx_hal.o
HAL_SuspendTick                                   build/stm32f0xx_hal.o
HAL_TIMEx_BreakCallback                           build/stm32f0xx_hal_tim_ex.o
                                                  build/stm32f0xx_hal_tim.o
HAL_TIMEx_CommutCallback                          build/stm32f0xx_hal_tim_ex.o
                                                  build/stm32f0xx_hal_tim.o
HAL_TIMEx_CommutHalfCpltCallback                  build/stm32f0xx_hal_tim_ex.o
                                                  build/stm32f0xx_hal_tim.o
HAL_TIMEx_ConfigBreakDeadTime                     build/stm32f0xx_hal_tim_ex.o
HAL_TIMEx_ConfigCommutEvent                       build/stm32f0xx_hal_tim_ex.o
HAL_TIMEx_ConfigCommutEvent_DMA                   build/stm32f0xx_hal_tim_ex.o
HAL_TIMEx_ConfigCommutEvent_IT                    build/stm32f0xx_hal_tim_ex.o
HAL_TIMEx_GetChannelNState                        build/stm32f0xx_hal_tim_ex.o
HAL_TIMEx_HallSensor_DeInit                       build/stm32f0xx_hal_tim_ex.o
HAL_TIMEx_HallSensor_GetState                     build/stm32f0xx_hal_tim_ex.o
HAL_TIMEx_HallSensor_Init                         build/stm32f0xx_hal_tim_ex.o
HAL_TIMEx_HallSensor_MspDeInit                    build/stm32f0xx_hal_tim_ex.o
                                                  build/stm32f0xx_hal_tim.o
HAL_TIMEx_HallSensor_MspInit                      build/stm32f0xx_hal_tim_ex.o
                                                  build/stm32f0xx_hal_tim.o
HAL_TIMEx_HallSensor_Start                        build/stm32f0xx_hal_tim_ex.o
HAL_TIMEx_HallSensor_Start_DMA                    build/stm32f0xx_hal_tim_ex.o
HAL_TIMEx_HallSensor_Start_IT                     build/stm32f0xx_hal_tim_ex.o
HAL_TIMEx_HallSensor_Stop                         build/stm32f0xx_hal_tim_ex.o
HAL_TIMEx_HallSensor_Stop_DMA                     build/stm32f0xx_hal_tim_ex.o
HAL_TIMEx_HallSensor_Stop_IT                      build/stm32f0xx_hal_tim_ex.o
HAL_TIMEx_MasterConfigSynchronization             build/stm32f0xx_hal_tim_ex.o
HAL_TIMEx_OCN_Start                               build/stm32f0xx_hal_tim_ex.o
HAL_TIMEx_OCN_Start_DMA                           build/stm32f0xx_hal_tim_ex.o
HAL_TIMEx_OCN_Start_IT                            build/stm32f0xx_hal_tim_ex.o
HAL_TIMEx_OCN_Stop                                build/stm32f0xx_hal_tim_ex.o
HAL_TIMEx_OCN_Stop_DMA                            build/stm32f0xx_hal_tim_ex.o
HAL_TIMEx_OCN_Stop_IT                             build/stm32f0xx_hal_tim_ex.o
HAL_TIMEx_OnePulseN_Start                         build/stm32f0xx_hal_tim_ex.o
HAL_TIMEx_OnePulseN_Start_IT                      build/stm32f0xx_hal_tim_ex.o
HAL_TIMEx_OnePulseN_Stop                          build/stm32f0xx_hal_tim_ex.o
HAL_TIMEx_OnePulseN_Stop_IT                       build/stm32f0xx_hal_tim_ex.o
HAL_TIMEx_PWMN_Start                              build/stm32f0xx_hal_tim_ex.o
HAL_TIMEx_PWMN_Start_DMA                          build/stm32f0xx_hal_tim_ex.o
HAL_TIMEx_PWMN_Start_IT                           build/stm32f0xx_hal_tim_ex.o
HAL_TIMEx_PWMN_Stop                               build/stm32f0xx_hal_tim_ex.o
HAL_TIMEx_PWMN_Stop_DMA                           build/stm32f0xx_hal_tim_ex.o
HAL_TIMEx_PWMN_Stop_IT                            build/stm32f0xx_hal_tim_ex.o
HAL_TIMEx_RemapConfig                             build/stm32f0xx_hal_tim_ex.o
HAL_TIM_Base_DeInit                               build/stm32f0xx_hal_tim.o
HAL_TIM_Base_GetState                             build/stm32f0xx_hal_tim.o
HAL_TIM_Base_Init                                 build/stm32f0xx_hal_tim.o
                                                  build/main.o
HAL_TIM_Base_MspDeInit                            build/stm32f0xx_hal_msp.o
HAL_TIM_Base_MspInit                              build/stm32f0xx_hal_msp.o
HAL_TIM_Base_Start                                build/stm32f0xx_hal_tim.o
HAL_TIM_Base_Start_DMA                            build/stm32f0xx_hal_tim.o
HAL_TIM_Base_Start_IT                             build/stm32f0xx_hal_tim.o
                                                  build/main.o
HAL_TIM_Base_Stop                                 build/stm32f0xx_hal_tim.o
HAL_TIM_Base_Stop_DMA                             build/stm32f0xx_hal_tim.o
HAL_TIM_Base_Stop_IT                              build/stm32f0xx_hal_tim.o
HAL_TIM_ConfigClockSource                         build/stm32f0xx_hal_tim.o
HAL_TIM_ConfigOCrefClear                          build/stm32f0xx_hal_tim.o
HAL_TIM_ConfigTI1Input                            build/stm32f0xx_hal_tim.o
HAL_TIM_DMABurstState                             build/stm32f0xx_hal_tim.o
HAL_TIM_DMABurst_MultiReadStart                   build/stm32f0xx_hal_tim.o
HAL_TIM_DMABurst_MultiWriteStart                  build/stm32f0xx_hal_tim.o
HAL_TIM_DMABurst_ReadStart                        build/stm32f0xx_hal_tim.o
HAL_TIM_DMABurst_ReadStop                         build/stm32f0xx_hal_tim.o
HAL_TIM_DMABurst_WriteStart                       build/stm32f0xx_hal_tim.o
HAL_TIM_DMABurst_WriteStop                        build/stm32f0xx_hal_tim.o
HAL_TIM_Encoder_DeInit                            build/stm32f0xx_hal_tim.o
HAL_TIM_Encoder_GetState                          build/stm32f0xx_hal_tim.o
HAL_TIM_Encoder_Init                              build/stm32f0xx_hal_tim.o
HAL_TIM_Encoder_MspDeInit                         build/stm32f0xx_hal_tim.o
HAL_TIM_Encoder_MspInit                           build/stm32f0xx_hal_tim.o
HAL_TIM_Encoder_Start                             build/stm32f0xx_hal_tim.o
HAL_TIM_Encoder_Start_DMA                         build/stm32f0xx_hal_tim.o
HAL_TIM_Encoder_Start_IT                          build/stm32f0xx_hal_tim.o
HAL_TIM_Encoder_Stop                              build/stm32f0xx_hal_tim.o
HAL_TIM_Encoder_Stop_DMA                          build/stm32f0xx_hal_tim.o
HAL_TIM_Encoder_Stop_IT                           build/stm32f0xx_hal_tim.o
HAL_TIM_ErrorCallback                             build/stm32f0xx_hal_tim.o
HAL_TIM_GenerateEvent                             build/stm32f0xx_hal_tim.o
HAL_TIM_GetActiveChannel                          build/stm32f0xx_hal_tim.o
HAL_TIM_GetChannelState                           build/stm32f0xx_hal_tim.o
HAL_TIM_IC_CaptureCallback                        build/stm32f0xx_hal_tim.o
HAL_TIM_IC_CaptureHalfCpltCallback                build/stm32f0xx_hal_tim.o
HAL_TIM_IC_ConfigChannel                          build/stm32f0xx_hal_tim.o
HAL_TIM_IC_DeInit                                 build/stm32f0xx_hal_tim.o
HAL_TIM_IC_GetState                               build/stm32f0xx_hal_tim.o
HAL_TIM_IC_Init                                   build/stm32f0xx_hal_tim.o
HAL_TIM_IC_MspDeInit                              build/stm32f0xx_hal_tim.o
HAL_TIM_IC_MspInit                                build/stm32f0xx_hal_tim.o
HAL_TIM_IC_Start                                  build/stm32f0xx_hal_tim.o
HAL_TIM_IC_Start_DMA                              build/stm32f0xx_hal_tim.o
HAL_TIM_IC_Start_IT                               build/stm32f0xx_hal_tim.o
HAL_TIM_IC_Stop                                   build/stm32f0xx_hal_tim.o
HAL_TIM_IC_Stop_DMA                               build/stm32f0xx_hal_tim.o
HAL_TIM_IC_Stop_IT                                build/stm32f0xx_hal_tim.o
HAL_TIM_IRQHandler                                build/stm32f0xx_hal_tim.o
                                                  build/startup_stm32f072xb.o
HAL_TIM_OC_ConfigChannel                          build/stm32f0xx_hal_tim.o
HAL_TIM_OC_DeInit                                 build/stm32f0xx_hal_tim.o
HAL_TIM_OC_DelayElapsedCallback                   build/stm32f0xx_hal_tim.o
HAL_TIM_OC_GetState                               build/stm32f0xx_hal_tim.o
HAL_TIM_OC_Init                                   build/stm32f0xx_hal_tim.o
HAL_TIM_OC_MspDeInit                              build/stm32f0xx_hal_tim.o
HAL_TIM_OC_MspInit                                build/stm32f0xx_hal_tim.o
HAL_TIM_OC_Start                                  build/stm32f0xx_hal_tim.o
HAL_TIM_OC_Start_DMA                              build/stm32f0xx_hal_tim.o
HAL_TIM_OC_Start_IT                               build/stm32f0xx_hal_tim.o
HAL_TIM_OC_Stop                                   build/stm32f0xx_hal_tim.o
HAL_TIM_OC_Stop_DMA                               build/stm32f0xx_hal_tim.o
HAL_TIM_OC_Stop_IT                                build/stm32f0xx_hal_tim.o
HAL_TIM_OnePulse_ConfigChannel                    build/stm32f0xx_hal_tim.o
HAL_TIM_OnePulse_DeInit                           build/stm32f0xx_hal_tim.o
HAL_TIM_OnePulse_GetState                         build/stm32f0xx_hal_tim.o
HAL_TIM_OnePulse_Init                             build/stm32f0xx_hal_tim.o
HAL_TIM_OnePulse_MspDeInit                        build/stm32f0xx_hal_tim.o
HAL_TIM_OnePulse_MspInit                          build/stm32f0xx_hal_tim.o
HAL_TIM_OnePulse_Start                            build/stm32f0xx_hal_tim.o
HAL_TIM_OnePulse_Start_IT                         build/stm32f0xx_hal_tim.o
HAL_TIM_OnePulse_Stop                             build/stm32f0xx_hal_tim.o
HAL_TIM_OnePulse_Stop_IT                          build/stm32f0xx_hal_tim.o
HAL_TIM_PWM_ConfigChannel                         build/stm32f0xx_hal_tim.o
HAL_TIM_PWM_DeInit                                build/stm32f0xx_hal_tim.o
HAL_TIM_PWM_GetState                              build/stm32f0xx_hal_tim.o
HAL_TIM_PWM_Init                                  build/stm32f0xx_hal_tim.o
HAL_TIM_PWM_MspDeInit                             build/stm32f0xx_hal_tim.o
HAL_TIM_PWM_MspInit                               build/stm32f0xx_hal_tim.o
HAL_TIM_PWM_PulseFinishedCallback                 build/stm32f0xx_hal_tim.o
HAL_TIM_PWM_PulseFinishedHalfCpltCallback         build/stm32f0xx_hal_tim.o
HAL_TIM_PWM_Start                                 build/stm32f0xx_hal_tim.o
HAL_TIM_PWM_Start_DMA                             build/stm32f0xx_hal_tim.o
HAL_TIM_PWM_Start_IT                              build/stm32f0xx_hal_tim.o
HAL_TIM_PWM_Stop                                  build/stm32f0xx_hal_tim.o
HAL_TIM_PWM_Stop_DMA                              build/stm32f0xx_hal_tim.o
HAL_TIM_PWM_Stop_IT                               build/stm32f0xx_hal_tim.o
HAL_TIM_PeriodElapsedCallback                     build/stm32f0xx_it.o
HAL_TIM_PeriodElapsedHalfCpltCallback             build/stm32f0xx_hal_tim.o
HAL_TIM_ReadCapturedValue                         build/stm32f0xx_hal_tim.o
HAL_TIM_RegisterCallback                          build/stm32f0xx_hal_tim.o
HAL_TIM_SlaveConfigSynchro                        build/stm32f0xx_hal_tim.o
HAL_TIM_SlaveConfigSynchro_IT                     build/stm32f0xx_hal_tim.o
HAL_TIM_TriggerCallback                           build/stm32f0xx_hal_tim.o
HAL_TIM_TriggerHalfCpltCallback                   build/stm32f0xx_hal_tim.o
HAL_TIM_UnRegisterCallback                        build/stm32f0xx_hal_tim.o
HardFault_Handler                                 build/startup_stm32f072xb.o
I2C1_IRQHandler                                   build/startup_stm32f072xb.o
I2C2_IRQHandler                                   build/startup_stm32f072xb.o
Key_Input                                         build/keypad.o
                                                  build/os.o
Key_OnOff                                         build/keypad.o
Key_Scan                                          build/keypad.o
                                                  build/os.o
Key_stDIP1                                        build/keypad.o
Key_stDIP2                                        build/keypad.o
Key_stDIP3                                        build/keypad.o
NMI_Handler                                       build/startup_stm32f072xb.o
OLED                                              build/oled.o
OLED_Address                                      build/oled.o
OLED_Display                                      build/oled.o
                                                  build/os.o
OLED_FindAddress                                  build/oled.o
OLED_Font_10x16                                   build/oled_fonts.o
OLED_Font_11x18                                   build/oled_fonts.o
OLED_Font_12x16                                   build/oled_fonts.o
OLED_Font_16x26                                   build/oled_fonts.o
OLED_Font_7x10                                    build/oled_fonts.o
                                                  build/oled.o
OLED_Font_GetStringSize                           build/oled_fonts.o
OLED_Init                                         build/oled.o
                                                  build/os.o
Os_Get_Tick_100us                                 build/os.o
Os_Handler                                        build/os.o
                                                  build/main.o
Os_Handler_10ms                                   build/os.o
                                                  build/stm32f0xx_it.o
Os_Handler_1ms                                    build/os.o
                                                  build/startup_stm32f072xb.o
Os_Init_Task                                      build/os.o
                                                  build/main.o
Os_Time_Handler                                   build/os.o
                                                  build/stm32f0xx_it.o
Os_Var                                            build/os.o
PVD_VDDIO2_IRQHandler                             build/startup_stm32f072xb.o
PendSV_Handler                                    build/startup_stm32f072xb.o
RCC_CRS_IRQHandler                                build/startup_stm32f072xb.o
RTC_IRQHandler                                    build/startup_stm32f072xb.o
Reset_Handler                                     build/startup_stm32f072xb.o
SPI1_IRQHandler                                   build/startup_stm32f072xb.o
SPI2_IRQHandler                                   build/startup_stm32f072xb.o
SVC_Handler                                       build/startup_stm32f072xb.o
SysTick_Handler                                   build/startup_stm32f072xb.o
SystemClock_Config                                build/main.o
SystemCoreClock                                   build/system_stm32f0xx.o
                                                  build/stm32f0xx_hal.o
                                                  build/stm32f0xx_hal_rcc.o
                                                  build/stm32f0xx_hal_adc.o
SystemCoreClockUpdate                             build/system_stm32f0xx.o
SystemInit                                        build/system_stm32f0xx.o
                                                  build/startup_stm32f072xb.o
SystemTick_Handler                                build/startup_stm32f072xb.o
TIM14_Handler                                     build/startup_stm32f072xb.o
TIM14_IRQHandler                                  build/startup_stm32f072xb.o
TIM15_IRQHandler                                  build/startup_stm32f072xb.o
TIM16_Handler                                     build/startup_stm32f072xb.o
TIM16_IRQHandler                                  build/startup_stm32f072xb.o
TIM17_IRQHandler                                  build/startup_stm32f072xb.o
TIM1_BRK_UP_TRG_COM_IRQHandler                    build/startup_stm32f072xb.o
TIM1_CC_IRQHandler                                build/startup_stm32f072xb.o
TIM2_IRQHandler                                   build/startup_stm32f072xb.o
TIM3_IRQHandler                                   build/startup_stm32f072xb.o
TIM6_DAC_IRQHandler                               build/startup_stm32f072xb.o
TIM7_IRQHandler                                   build/startup_stm32f072xb.o
TIMEx_DMACommutationCplt                          build/stm32f0xx_hal_tim_ex.o
                                                  build/stm32f0xx_hal_tim.o
TIMEx_DMACommutationHalfCplt                      build/stm32f0xx_hal_tim_ex.o
                                                  build/stm32f0xx_hal_tim.o
TIM_Base_SetConfig                                build/stm32f0xx_hal_tim.o
                                                  build/stm32f0xx_hal_tim_ex.o
TIM_CCxChannelCmd                                 build/stm32f0xx_hal_tim.o
                                                  build/stm32f0xx_hal_tim_ex.o
TIM_DMACaptureCplt                                build/stm32f0xx_hal_tim.o
                                                  build/stm32f0xx_hal_tim_ex.o
TIM_DMACaptureHalfCplt                            build/stm32f0xx_hal_tim.o
                                                  build/stm32f0xx_hal_tim_ex.o
TIM_DMADelayPulseHalfCplt                         build/stm32f0xx_hal_tim.o
                                                  build/stm32f0xx_hal_tim_ex.o
TIM_DMAError                                      build/stm32f0xx_hal_tim.o
                                                  build/stm32f0xx_hal_tim_ex.o
TIM_ETR_SetConfig                                 build/stm32f0xx_hal_tim.o
TIM_OC2_SetConfig                                 build/stm32f0xx_hal_tim.o
                                                  build/stm32f0xx_hal_tim_ex.o
TIM_ResetCallback                                 build/stm32f0xx_hal_tim.o
                                                  build/stm32f0xx_hal_tim_ex.o
TIM_TI1_SetConfig                                 build/stm32f0xx_hal_tim.o
                                                  build/stm32f0xx_hal_tim_ex.o
TSC_IRQHandler                                    build/startup_stm32f072xb.o
Tx_data                                           build/oled.o
Tx_data_Korean                                    build/oled.o
USART1_IRQHandler                                 build/startup_stm32f072xb.o
USART2_IRQHandler                                 build/startup_stm32f072xb.o
USART3_4_IRQHandler                               build/startup_stm32f072xb.o
USB_IRQHandler                                    build/startup_stm32f072xb.o
VectorTable                                       build/startup_stm32f072xb.o
WWDG_IRQHandler                                   build/startup_stm32f072xb.o
__aeabi_idiv0                                     d:/3.tools/arm_gcc_toolchain/bin/../lib/gcc/arm-none-eabi/10.3.1/thumb/v6-m/nofp\libgcc.a(_dvmd_tls.o)
                                                  d:/3.tools/arm_gcc_toolchain/bin/../lib/gcc/arm-none-eabi/10.3.1/thumb/v6-m/nofp\libgcc.a(_udivsi3.o)
__aeabi_ldiv0                                     d:/3.tools/arm_gcc_toolchain/bin/../lib/gcc/arm-none-eabi/10.3.1/thumb/v6-m/nofp\libgcc.a(_dvmd_tls.o)
__aeabi_uidiv                                     d:/3.tools/arm_gcc_toolchain/bin/../lib/gcc/arm-none-eabi/10.3.1/thumb/v6-m/nofp\libgcc.a(_udivsi3.o)
                                                  build/system_stm32f0xx.o
                                                  build/stm32f0xx_hal_dma.o
                                                  build/stm32f0xx_hal.o
                                                  build/stm32f0xx_hal_rcc_ex.o
                                                  build/stm32f0xx_hal_rcc.o
                                                  build/stm32f0xx_hal_adc.o
__aeabi_uidivmod                                  d:/3.tools/arm_gcc_toolchain/bin/../lib/gcc/arm-none-eabi/10.3.1/thumb/v6-m/nofp\libgcc.a(_udivsi3.o)
                                                  build/os.o
__bss_end__                                       d:/3.tools/arm_gcc_toolchain/bin/../lib/gcc/arm-none-eabi/10.3.1/../../../../arm-none-eabi/lib/thumb/v6-m/nofp/crt0.o
__bss_start__                                     d:/3.tools/arm_gcc_toolchain/bin/../lib/gcc/arm-none-eabi/10.3.1/../../../../arm-none-eabi/lib/thumb/v6-m/nofp/crt0.o
__call_exitprocs                                  d:/3.tools/arm_gcc_toolchain/bin/../lib/gcc/arm-none-eabi/10.3.1/../../../../arm-none-eabi/lib/thumb/v6-m/nofp\libc_nano.a(lib_a-exit.o)
__deregister_frame_info                           d:/3.tools/arm_gcc_toolchain/bin/../lib/gcc/arm-none-eabi/10.3.1/thumb/v6-m/nofp/crtbegin.o
__dso_handle                                      d:/3.tools/arm_gcc_toolchain/bin/../lib/gcc/arm-none-eabi/10.3.1/thumb/v6-m/nofp/crtbegin.o
__init_array_end                                  d:/3.tools/arm_gcc_toolchain/bin/../lib/gcc/arm-none-eabi/10.3.1/../../../../arm-none-eabi/lib/thumb/v6-m/nofp\libc_nano.a(lib_a-init.o)
__init_array_start                                d:/3.tools/arm_gcc_toolchain/bin/../lib/gcc/arm-none-eabi/10.3.1/../../../../arm-none-eabi/lib/thumb/v6-m/nofp\libc_nano.a(lib_a-init.o)
__libc_fini_array                                 d:/3.tools/arm_gcc_toolchain/bin/../lib/gcc/arm-none-eabi/10.3.1/../../../../arm-none-eabi/lib/thumb/v6-m/nofp/crt0.o
__libc_init_array                                 d:/3.tools/arm_gcc_toolchain/bin/../lib/gcc/arm-none-eabi/10.3.1/../../../../arm-none-eabi/lib/thumb/v6-m/nofp\libc_nano.a(lib_a-init.o)
                                                  build/startup_stm32f072xb.o
                                                  d:/3.tools/arm_gcc_toolchain/bin/../lib/gcc/arm-none-eabi/10.3.1/../../../../arm-none-eabi/lib/thumb/v6-m/nofp/crt0.o
__preinit_array_end                               d:/3.tools/arm_gcc_toolchain/bin/../lib/gcc/arm-none-eabi/10.3.1/../../../../arm-none-eabi/lib/thumb/v6-m/nofp\libc_nano.a(lib_a-init.o)
__preinit_array_start                             d:/3.tools/arm_gcc_toolchain/bin/../lib/gcc/arm-none-eabi/10.3.1/../../../../arm-none-eabi/lib/thumb/v6-m/nofp\libc_nano.a(lib_a-init.o)
__register_frame_info                             d:/3.tools/arm_gcc_toolchain/bin/../lib/gcc/arm-none-eabi/10.3.1/thumb/v6-m/nofp/crtbegin.o
__sf_fake_stderr                                  d:/3.tools/arm_gcc_toolchain/bin/../lib/gcc/arm-none-eabi/10.3.1/../../../../arm-none-eabi/lib/thumb/v6-m/nofp\libc_nano.a(lib_a-impure.o)
__sf_fake_stdin                                   d:/3.tools/arm_gcc_toolchain/bin/../lib/gcc/arm-none-eabi/10.3.1/../../../../arm-none-eabi/lib/thumb/v6-m/nofp\libc_nano.a(lib_a-impure.o)
__sf_fake_stdout                                  d:/3.tools/arm_gcc_toolchain/bin/../lib/gcc/arm-none-eabi/10.3.1/../../../../arm-none-eabi/lib/thumb/v6-m/nofp\libc_nano.a(lib_a-impure.o)
__stack                                           d:/3.tools/arm_gcc_toolchain/bin/../lib/gcc/arm-none-eabi/10.3.1/../../../../arm-none-eabi/lib/thumb/v6-m/nofp/crt0.o
__udivsi3                                         d:/3.tools/arm_gcc_toolchain/bin/../lib/gcc/arm-none-eabi/10.3.1/thumb/v6-m/nofp\libgcc.a(_udivsi3.o)
_ebss                                             build/startup_stm32f072xb.o
_edata                                            build/startup_stm32f072xb.o
_estack                                           build/startup_stm32f072xb.o
_exit                                             d:/3.tools/arm_gcc_toolchain/bin/../lib/gcc/arm-none-eabi/10.3.1/../../../../arm-none-eabi/lib/thumb/v6-m/nofp\libnosys.a(_exit.o)
                                                  d:/3.tools/arm_gcc_toolchain/bin/../lib/gcc/arm-none-eabi/10.3.1/../../../../arm-none-eabi/lib/thumb/v6-m/nofp\libc_nano.a(lib_a-exit.o)
_fini                                             d:/3.tools/arm_gcc_toolchain/bin/../lib/gcc/arm-none-eabi/10.3.1/thumb/v6-m/nofp/crti.o
_global_impure_ptr                                d:/3.tools/arm_gcc_toolchain/bin/../lib/gcc/arm-none-eabi/10.3.1/../../../../arm-none-eabi/lib/thumb/v6-m/nofp\libc_nano.a(lib_a-impure.o)
                                                  d:/3.tools/arm_gcc_toolchain/bin/../lib/gcc/arm-none-eabi/10.3.1/../../../../arm-none-eabi/lib/thumb/v6-m/nofp\libc_nano.a(lib_a-exit.o)
_impure_ptr                                       d:/3.tools/arm_gcc_toolchain/bin/../lib/gcc/arm-none-eabi/10.3.1/../../../../arm-none-eabi/lib/thumb/v6-m/nofp\libc_nano.a(lib_a-impure.o)
_init                                             d:/3.tools/arm_gcc_toolchain/bin/../lib/gcc/arm-none-eabi/10.3.1/thumb/v6-m/nofp/crti.o
                                                  d:/3.tools/arm_gcc_toolchain/bin/../lib/gcc/arm-none-eabi/10.3.1/../../../../arm-none-eabi/lib/thumb/v6-m/nofp\libc_nano.a(lib_a-init.o)
_mainCRTStartup                                   d:/3.tools/arm_gcc_toolchain/bin/../lib/gcc/arm-none-eabi/10.3.1/../../../../arm-none-eabi/lib/thumb/v6-m/nofp/crt0.o
_sbss                                             build/startup_stm32f072xb.o
_sdata                                            build/startup_stm32f072xb.o
_sidata                                           build/startup_stm32f072xb.o
_stack_init                                       d:/3.tools/arm_gcc_toolchain/bin/../lib/gcc/arm-none-eabi/10.3.1/../../../../arm-none-eabi/lib/thumb/v6-m/nofp/crt0.o
_start                                            d:/3.tools/arm_gcc_toolchain/bin/../lib/gcc/arm-none-eabi/10.3.1/../../../../arm-none-eabi/lib/thumb/v6-m/nofp/crt0.o
atexit                                            d:/3.tools/arm_gcc_toolchain/bin/../lib/gcc/arm-none-eabi/10.3.1/../../../../arm-none-eabi/lib/thumb/v6-m/nofp/crt0.o
column                                            build/keypad.o
debounce_counter                                  build/keypad.o
debounce_counter1                                 build/keypad.o
exit                                              d:/3.tools/arm_gcc_toolchain/bin/../lib/gcc/arm-none-eabi/10.3.1/../../../../arm-none-eabi/lib/thumb/v6-m/nofp\libc_nano.a(lib_a-exit.o)
                                                  d:/3.tools/arm_gcc_toolchain/bin/../lib/gcc/arm-none-eabi/10.3.1/../../../../arm-none-eabi/lib/thumb/v6-m/nofp/crt0.o
hadc                                              build/main.o
hardware_init_hook                                d:/3.tools/arm_gcc_toolchain/bin/../lib/gcc/arm-none-eabi/10.3.1/../../../../arm-none-eabi/lib/thumb/v6-m/nofp/crt0.o
hi2c2                                             build/main.o
                                                  build/oled.o
htim14                                            build/main.o
                                                  build/startup_stm32f072xb.o
htim16                                            build/main.o
                                                  build/startup_stm32f072xb.o
keypadnum                                         build/keypad.o
main                                              build/main.o
                                                  build/startup_stm32f072xb.o
                                                  d:/3.tools/arm_gcc_toolchain/bin/../lib/gcc/arm-none-eabi/10.3.1/../../../../arm-none-eabi/lib/thumb/v6-m/nofp/crt0.o
memset                                            d:/3.tools/arm_gcc_toolchain/bin/../lib/gcc/arm-none-eabi/10.3.1/../../../../arm-none-eabi/lib/thumb/v6-m/nofp\libc_nano.a(lib_a-memset.o)
                                                  build/oled.o
                                                  build/stm32f0xx_hal_msp.o
                                                  build/main.o
                                                  d:/3.tools/arm_gcc_toolchain/bin/../lib/gcc/arm-none-eabi/10.3.1/../../../../arm-none-eabi/lib/thumb/v6-m/nofp/crt0.o
pFlash                                            build/stm32f0xx_hal_flash.o
                                                  build/stm32f0xx_hal_flash_ex.o
row                                               build/keypad.o
software_init_hook                                d:/3.tools/arm_gcc_toolchain/bin/../lib/gcc/arm-none-eabi/10.3.1/../../../../arm-none-eabi/lib/thumb/v6-m/nofp/crt0.o
strlen                                            d:/3.tools/arm_gcc_toolchain/bin/../lib/gcc/arm-none-eabi/10.3.1/../../../../arm-none-eabi/lib/thumb/v6-m/nofp\libc_nano.a(lib_a-strlen.o)
                                                  build/oled_fonts.o
                                                  build/oled.o
testread1                                         build/keypad.o
testread2                                         build/keypad.o
testread3                                         build/keypad.o
testread4                                         build/keypad.o
uwTick                                            build/stm32f0xx_hal.o
uwTickFreq                                        build/stm32f0xx_hal.o
uwTickPrio                                        build/stm32f0xx_hal.o
                                                  build/stm32f0xx_hal_rcc.o